Command line invocation:
    /Applications/Xcode.app/Contents/Developer/usr/bin/xcodebuild test-without-building -xctestrun /private/tmp/aagedal-fx6-repeat-20260930/fullbuild-7-run1/candidate.xctestrun -destination platform=macOS -parallel-testing-enabled NO -test-timeouts-enabled YES -default-test-execution-time-allowance 305 -maximum-test-execution-time-allowance 305 -resultBundlePath /private/tmp/aagedal-fx6-repeat-20260930/fullbuild-7-run1/LiveAudioMeterProfile.xcresult "-only-testing:Aagedal Media Player Tests/LiveAudioMeterPerformanceTests/testRepresentativeProductionPathWhenRequested"

Writing result bundle at path:
	/private/tmp/aagedal-fx6-repeat-20260930/fullbuild-7-run1/LiveAudioMeterProfile.xcresult

--- xcodebuild: WARNING: Using the first of multiple matching destinations:
{ platform:macOS, arch:arm64e, id:00006050-001C293C22F9401C, name:My Mac }
{ platform:macOS, arch:arm64, id:00006050-001C293C22F9401C, name:My Mac }
{ platform:macOS, arch:x86_64, id:00006050-001C293C22F9401C, name:My Mac }
{ platform:macOS, arch:arm64e, variant:Mac Catalyst, id:00006050-001C293C22F9401C, name:My Mac }
{ platform:macOS, arch:arm64, variant:Mac Catalyst, id:00006050-001C293C22F9401C, name:My Mac }
{ platform:macOS, arch:x86_64, variant:Mac Catalyst, id:00006050-001C293C22F9401C, name:My Mac }
{ platform:macOS, arch:arm64e, variant:DriverKit, id:00006050-001C293C22F9401C, name:My Mac }
{ platform:macOS, arch:arm64, variant:DriverKit, id:00006050-001C293C22F9401C, name:My Mac }
{ platform:macOS, arch:arm64e, variant:Designed for [iPad,iPhone], id:00006050-001C293C22F9401C, name:My Mac }
{ platform:macOS, arch:arm64, variant:Designed for [iPad,iPhone], id:00006050-001C293C22F9401C, name:My Mac }
2026-09-30 20:56:02.651742+0200 Aagedal Media Player[70770:1759506] [Connection] Unable to get synchronousRemoteObjectProxy, error: Error Domain=NSCocoaErrorDomain Code=4097 "connection to service named com.apple.linkd.autoShortcut" UserInfo={NSDebugDescription=connection to service named com.apple.linkd.autoShortcut}
2026-09-30 20:56:02.652100+0200 Aagedal Media Player[70770:1759506] [Application] Error registering app with intents framework: Error Domain=NSCocoaErrorDomain Code=4097 "connection to service named com.apple.linkd.autoShortcut" UserInfo={NSDebugDescription=connection to service named com.apple.linkd.autoShortcut}
2026-09-30 20:56:02.652721+0200 Aagedal Media Player[70770:1759513] [Connection] Unable to get synchronousRemoteObjectProxy, error: Error Domain=NSCocoaErrorDomain Code=4097 "connection to service named com.apple.linkd.autoShortcut" UserInfo={NSDebugDescription=connection to service named com.apple.linkd.autoShortcut}
2026-09-30 20:56:02.652765+0200 Aagedal Media Player[70770:1759513] [Connection] Unable to re-register with Process Instance Registry, error: Error Domain=NSCocoaErrorDomain Code=4097 "connection to service named com.apple.linkd.autoShortcut" UserInfo={NSDebugDescription=connection to service named com.apple.linkd.autoShortcut}
2026-09-30 20:56:02.653644+0200 Aagedal Media Player[70770:1759506] [Connection] Unable to get synchronousRemoteObjectProxy, error: Error Domain=NSCocoaErrorDomain Code=4097 "connection to service named com.apple.linkd.autoShortcut" UserInfo={NSDebugDescription=connection to service named com.apple.linkd.autoShortcut}
2026-09-30 20:56:02.653667+0200 Aagedal Media Player[70770:1759506] [Connection] Unable to re-register with Process Instance Registry, error: Error Domain=NSCocoaErrorDomain Code=4097 "connection to service named com.apple.linkd.autoShortcut" UserInfo={NSDebugDescription=connection to service named com.apple.linkd.autoShortcut}
2026-09-30 20:56:02.654396+0200 Aagedal Media Player[70770:1759506] [Connection] Will NOT re-try to establish the connection
2026-09-30 20:56:02.654437+0200 Aagedal Media Player[70770:1759507] [Connection] Unable to get synchronousRemoteObjectProxy, error: Error Domain=NSCocoaErrorDomain Code=4097 "connection to service named com.apple.linkd.autoShortcut" UserInfo={NSDebugDescription=connection to service named com.apple.linkd.autoShortcut}
2026-09-30 20:56:02.654455+0200 Aagedal Media Player[70770:1759507] [Connection] Unable to re-register with Process Instance Registry, error: Error Domain=NSCocoaErrorDomain Code=4097 "connection to service named com.apple.linkd.autoShortcut" UserInfo={NSDebugDescription=connection to service named com.apple.linkd.autoShortcut}
2026-09-30 20:56:02.690936+0200 Aagedal Media Player[70770:1759500] ApplePersistenceIgnoreState: Existing state will not be touched. New state will be written to /var/folders/pv/f8g9jgrd7px_0xvh3kxgmyg40000gp/T/com.aagedal.MediaPlayer.savedState
Test Suite 'Selected tests' started at 2026-09-30 20:56:02.871.
Test Suite 'Aagedal Media Player Tests.xctest' started at 2026-09-30 20:56:02.871.
Test Suite 'LiveAudioMeterPerformanceTests' started at 2026-09-30 20:56:02.871.
Test Case '-[Aagedal_Media_Player_Tests.LiveAudioMeterPerformanceTests testRepresentativeProductionPathWhenRequested]' started.
2026-09-30 20:56:03.130545+0200 Aagedal Media Player[70770:1759500] [PlayerController] Using MPV player for OJ_FX6A0021.MXF
2026-09-30 20:56:03.130763+0200 Aagedal Media Player[70770:1759500] [MPVPlayer] MPV not initialized yet, storing pending load for: OJ_FX6A0021.MXF
LIVE_AUDIO_METER_NATIVE_OUTPUT_LOGGING enabled
2026-09-30 20:56:03.158371+0200 Aagedal Media Player[70770:1759500] [MPVPlayer] MPV initialized successfully
2026-09-30 20:56:03.158394+0200 Aagedal Media Player[70770:1759538] [scaling] mpv video-params: dw=0 dh=0 rotate=0
2026-09-30 20:56:03.158407+0200 Aagedal Media Player[70770:1759538] [scaling] mpv video-params: dw=0 dh=0 rotate=0
2026-09-30 20:56:03.158413+0200 Aagedal Media Player[70770:1759538] [scaling] mpv video-params: dw=0 dh=0 rotate=0
2026-09-30 20:56:03.158509+0200 Aagedal Media Player[70770:1759500] [MPVPlayer] Loading file: OJ_FX6A0021.MXF, startTime: 0.000000, autostart: false
2026-09-30 20:56:03.158581+0200 Aagedal Media Player[70770:1759546] [MPVPlayer] MPV start file event
[mvk-info] MoltenVK version 1.4.2, supporting Vulkan version 1.4.357.
	The following 154 Vulkan extensions are supported:
	VK_KHR_16bit_storage v1
	VK_KHR_8bit_storage v1
	VK_KHR_bind_memory2 v1
	VK_KHR_buffer_device_address v1
	VK_KHR_calibrated_timestamps v1
	VK_KHR_copy_commands2 v1
	VK_KHR_create_renderpass2 v1
	VK_KHR_dedicated_allocation v3
	VK_KHR_deferred_host_operations v4
	VK_KHR_depth_stencil_resolve v1
	VK_KHR_descriptor_update_template v1
	VK_KHR_device_group v4
	VK_KHR_device_group_creation v1
	VK_KHR_driver_properties v1
	VK_KHR_dynamic_rendering v1
	VK_KHR_dynamic_rendering_local_read v1
	VK_KHR_external_fence v1
	VK_KHR_external_fence_capabilities v1
	VK_KHR_external_memory v1
	VK_KHR_external_memory_capabilities v1
	VK_KHR_external_semaphore v1
	VK_KHR_external_semaphore_capabilities v1
	VK_KHR_format_feature_flags2 v2
	VK_KHR_fragment_shader_barycentric v1
	VK_KHR_get_memory_requirements2 v1
	VK_KHR_get_physical_device_properties2 v2
	VK_KHR_get_surface_capabilities2 v1
	VK_KHR_global_priority v1
	VK_KHR_image_format_list v1
	VK_KHR_imageless_framebuffer v1
	VK_KHR_incremental_present v2
	VK_KHR_index_type_uint8 v1
	VK_KHR_line_rasterization v1
	VK_KHR_load_store_op_none v1
	VK_KHR_maintenance1 v2
	VK_KHR_maintenance2 v1
	VK_KHR_maintenance3 v1
	VK_KHR_maintenance4 v2
	VK_KHR_maintenance5 v1
	VK_KHR_maintenance6 v1
	VK_KHR_maintenance7 v1
	VK_KHR_maintenance8 v1
	VK_KHR_maintenance9 v1
	VK_KHR_map_memory2 v1
	VK_KHR_multiview v1
	VK_KHR_portability_subset v1
	VK_KHR_present_id v1
	VK_KHR_present_id2 v1
	VK_KHR_present_wait v1
	VK_KHR_present_wait2 v1
	VK_KHR_push_descriptor v2
	VK_KHR_relaxed_block_layout v1
	VK_KHR_robustness2 v1
	VK_KHR_sampler_mirror_clamp_to_edge v3
	VK_KHR_sampler_ycbcr_conversion v14
	VK_KHR_separate_depth_stencil_layouts v1
	VK_KHR_shader_draw_parameters v1
	VK_KHR_shader_expect_assume v1
	VK_KHR_shader_float_controls v4
	VK_KHR_shader_float_controls2 v1
	VK_KHR_shader_float16_int8 v1
	VK_KHR_shader_fma v1
	VK_KHR_shader_integer_dot_product v1
	VK_KHR_shader_maximal_reconvergence v1
	VK_KHR_shader_non_semantic_info v1
	VK_KHR_shader_quad_control v1
	VK_KHR_shader_relaxed_extended_instruction v1
	VK_KHR_shader_subgroup_extended_types v1
	VK_KHR_shader_subgroup_rotate v2
	VK_KHR_shader_subgroup_uniform_control_flow v1
	VK_KHR_shader_terminate_invocation v1
	VK_KHR_spirv_1_4 v1
	VK_KHR_storage_buffer_storage_class v1
	VK_KHR_surface v25
	VK_KHR_surface_maintenance1 v1
	VK_KHR_surface_protected_capabilities v1
	VK_KHR_swapchain v70
	VK_KHR_swapchain_maintenance1 v1
	VK_KHR_swapchain_mutable_format v1
	VK_KHR_synchronization2 v1
	VK_KHR_timeline_semaphore v2
	VK_KHR_uniform_buffer_standard_layout v1
	VK_KHR_variable_pointers v1
	VK_KHR_vertex_attribute_divisor v1
	VK_KHR_vulkan_memory_model v3
	VK_KHR_zero_initialize_workgroup_memory v1
	VK_EXT_4444_formats v1
	VK_EXT_buffer_device_address v2
	VK_EXT_calibrated_timestamps v2
	VK_EXT_debug_marker v4
	VK_EXT_debug_report v10
	VK_EXT_debug_utils v2
	VK_EXT_depth_clip_control v1
	VK_EXT_descriptor_indexing v2
	VK_EXT_extended_dynamic_state v1
	VK_EXT_extended_dynamic_state2 v1
	VK_EXT_extended_dynamic_state3 v2
	VK_EXT_external_memory_host v1
	VK_EXT_external_memory_metal v1
	VK_EXT_fragment_shader_interlock v1
	VK_EXT_global_priority v2
	VK_EXT_global_priority_query v1
	VK_EXT_hdr_metadata v3
	VK_EXT_headless_surface v1
	VK_EXT_host_image_copy v1
	VK_EXT_host_query_reset v1
	VK_EXT_image_2d_view_of_3d v1
	VK_EXT_image_robustness v1
	VK_EXT_index_type_uint8 v1
	VK_EXT_inline_uniform_block v1
	VK_EXT_layer_settings v2
	VK_EXT_legacy_dithering v2
	VK_EXT_line_rasterization v1
	VK_EXT_load_store_op_none v1
	VK_EXT_memory_budget v1
	VK_EXT_metal_objects v2
	VK_EXT_metal_surface v1
	VK_EXT_non_seamless_cube_map v1
	VK_EXT_pipeline_creation_cache_control v3
	VK_EXT_pipeline_creation_feedback v1
	VK_EXT_pipeline_robustness v1
	VK_EXT_post_depth_coverage v1
	VK_EXT_primitive_topology_list_restart v1
	VK_EXT_private_data v1
	VK_EXT_provoking_vertex v1
	VK_EXT_robustness2 v1
	VK_EXT_sample_locations v1
	VK_EXT_sampler_filter_minmax v2
	VK_EXT_scalar_block_layout v1
	VK_EXT_separate_stencil_usage v1
	VK_EXT_shader_atomic_float v1
	VK_EXT_shader_demote_to_helper_invocation v1
	VK_EXT_shader_stencil_export v1
	VK_EXT_shader_subgroup_ballot v1
	VK_EXT_shader_subgroup_vote v1
	VK_EXT_shader_viewport_index_layer v1
	VK_EXT_subgroup_size_control v2
	VK_EXT_surface_maintenance1 v1
	VK_EXT_swapchain_colorspace v5
	VK_EXT_swapchain_maintenance1 v1
	VK_EXT_texel_buffer_alignment v1
	VK_EXT_texture_compression_astc_hdr v1
	VK_EXT_tooling_info v1
	VK_EXT_vertex_attribute_divisor v3
	VK_AMD_gpu_shader_half_float v2
	VK_AMD_negative_viewport_height v1
	VK_AMD_shader_image_load_store_lod v1
	VK_AMD_shader_trinary_minmax v1
	VK_GOOGLE_display_timing v1
	VK_IMG_format_pvrtc v1
	VK_INTEL_shader_integer_functions2 v1
	VK_MVK_macos_surface v3
	VK_MVK_moltenvk v37
	VK_NV_fragment_shader_barycentric v1
[mvk-info] GPU device:
	model: Apple M5 Pro
	type: Integrated
	vendorID: 0x106b
	deviceID: 0x1b000208
	pipelineCacheUUID: DB660224-1B00-0208-0000-000100000000
	GPU memory available: 53084 MB
	GPU memory used: 1 MB
	Metal Shading Language 3.1
	supports the following GPU Features:
		GPU Family Metal 3
		GPU Family Apple 8
		GPU Family Mac 1
		GPU Family Mac 2
		Read-Write Texture Tier 2
[mvk-info] Created VkInstance for Vulkan version 1.4.357, as requested by app, with the following 6 Vulkan extensions enabled:
	VK_KHR_get_surface_capabilities2 v1
	VK_KHR_surface v25
	VK_KHR_surface_maintenance1 v1
	VK_EXT_metal_surface v1
	VK_EXT_surface_maintenance1 v1
	VK_EXT_swapchain_colorspace v5
[mvk-info] Vulkan semaphores using MTLEvent.
[mvk-info] Descriptor sets binding resources using Metal3 argument buffers.
[mvk-info] Created VkDevice to run on GPU Apple M5 Pro with the following 13 Vulkan extensions enabled:
	VK_KHR_dynamic_rendering v1
	VK_KHR_portability_subset v1
	VK_KHR_shader_expect_assume v1
	VK_KHR_shader_relaxed_extended_instruction v1
	VK_KHR_shader_subgroup_rotate v2
	VK_KHR_swapchain v70
	VK_KHR_swapchain_maintenance1 v1
	VK_KHR_zero_initialize_workgroup_memory v1
	VK_EXT_external_memory_host v1
	VK_EXT_hdr_metadata v3
	VK_EXT_metal_objects v2
	VK_EXT_shader_atomic_float v1
	VK_EXT_swapchain_maintenance1 v1
2026-09-30 20:56:03.296850+0200 Aagedal Media Player[70770:1759500] [MPVPlayer] MPV file loaded
2026-09-30 20:56:03.402774+0200 Aagedal Media Player[70770:1759547] [scaling] mpv video-params: dw=3840 dh=2160 rotate=0
2026-09-30 20:56:03.402799+0200 Aagedal Media Player[70770:1759547] [scaling] mpv video-params: dw=3840 dh=2160 rotate=0
2026-09-30 20:56:03.402809+0200 Aagedal Media Player[70770:1759547] [scaling] mpv video-params: dw=3840 dh=2160 rotate=0
2026-09-30 20:56:03.420741+0200 Aagedal Media Player[70770:1759576] [plugin] AddInstanceForFactory: No factory registered for id <CFUUID 0x78722ed260> F8BB1C28-BAE8-11D6-9C31-00039315CD46
2026-09-30 20:56:03.441207+0200 Aagedal Media Player[70770:1759500] [scaling] mpv emitted videoSourceSize=3840x2160 (ratio=1.777778)
2026-09-30 20:56:03.441227+0200 Aagedal Media Player[70770:1759500] [scaling] mpv emitted videoSourceSize=3840x2160 (ratio=1.777778)
2026-09-30 20:56:03.441234+0200 Aagedal Media Player[70770:1759500] [scaling] mpv emitted videoSourceSize=3840x2160 (ratio=1.777778)
[mvk-info] Created 3 swapchain images with size (320, 180) and contents scale 1.0 in layer (null) (0x7873e65a70) on screen Main Screen.
[mvk-warn] VK_ERROR_FEATURE_NOT_PRESENT: Metal does not support disabling primitive restart.
[mvk-warn] VK_ERROR_FEATURE_NOT_PRESENT: Metal does not support disabling primitive restart.
[mvk-warn] VK_ERROR_FEATURE_NOT_PRESENT: Metal does not support disabling primitive restart.
[mvk-warn] VK_ERROR_FEATURE_NOT_PRESENT: Metal does not support disabling primitive restart.
[mvk-warn] VK_ERROR_FEATURE_NOT_PRESENT: Metal does not support disabling primitive restart.
2026-09-30 20:56:03.647918+0200 Aagedal Media Player[70770:1759500] [scaling] play: backend=mpv wasPlaying=false videoSourceSize=3840x2160 ratio=1.7778
LIVE_AUDIO_METER_PLAYBACK_DIAGNOSTIC {"file":"OJ_FX6A0021.MXF","meterClockDriftSeconds":null,"meterEndSourceFrame":null,"meterGeneration":1,"meterPublishedSnapshotCount":0,"meterRequestStartSourceFrame":null,"meterStartSourceFrame":null,"meterStatus":"paused(frame: 0)","mpvAudioOutputDriver":"coreaudio","mpvClockSeconds":0,"mpvDecodedAudioChannels":1,"mpvMonitoringFilterActive":false,"mpvOutputAudioChannels":2,"mpvReachedEOF":false,"playerClockSeconds":0,"playerIsPlaying":false,"selectedAudioStreamOrderIndex":7,"selectedSourceID":"A","stage":"observation-start"}
2026-09-30 20:56:08.659938+0200 Aagedal Media Player[70770:1759500] [scaling] pause: backend=mpv wasPlaying=true videoSourceSize=3840x2160 ratio=1.7778
2026-09-30 20:56:09.304005+0200 Aagedal Media Player[70770:1759500] [scaling] play: backend=mpv wasPlaying=false videoSourceSize=3840x2160 ratio=1.7778
[mvk-info] Destroyed VkDevice on GPU Apple M5 Pro with 13 Vulkan extensions enabled.
[mvk-info] Destroyed VkPhysicalDevice for GPU Apple M5 Pro with 1 MB of GPU memory still allocated.
[mvk-info] Destroying VkInstance for Vulkan version 1.4.357 with 6 Vulkan extensions enabled.
2026-09-30 20:56:09.525966+0200 Aagedal Media Player[70770:1759610] [API] warning, deleted thread with uncommitted CATransaction; set CA_DEBUG_TRANSACTIONS=1 in environment to log backtraces, or set CA_ASSERT_MAIN_THREAD_TRANSACTIONS=1 to abort when an implicit transaction isn't created on a main thread.
2026-09-30 20:56:09.526962+0200 Aagedal Media Player[70770:1759500] [PlayerController] Using MPV player for OJ_FX6A0021.MXF
2026-09-30 20:56:09.527120+0200 Aagedal Media Player[70770:1759500] [MPVPlayer] MPV not initialized yet, storing pending load for: OJ_FX6A0021.MXF
LIVE_AUDIO_METER_NATIVE_OUTPUT_LOGGING enabled
2026-09-30 20:56:09.551031+0200 Aagedal Media Player[70770:1759500] [MPVPlayer] MPV initialized successfully
2026-09-30 20:56:09.551057+0200 Aagedal Media Player[70770:1759548] [scaling] mpv video-params: dw=0 dh=0 rotate=0
2026-09-30 20:56:09.551078+0200 Aagedal Media Player[70770:1759548] [scaling] mpv video-params: dw=0 dh=0 rotate=0
2026-09-30 20:56:09.551091+0200 Aagedal Media Player[70770:1759548] [scaling] mpv video-params: dw=0 dh=0 rotate=0
2026-09-30 20:56:09.551207+0200 Aagedal Media Player[70770:1759500] [MPVPlayer] Loading file: OJ_FX6A0021.MXF, startTime: 133.840000, autostart: false
2026-09-30 20:56:09.551309+0200 Aagedal Media Player[70770:1759542] [MPVPlayer] MPV start file event
[mvk-info] MoltenVK version 1.4.2, supporting Vulkan version 1.4.357.
	The following 154 Vulkan extensions are supported:
	VK_KHR_16bit_storage v1
	VK_KHR_8bit_storage v1
	VK_KHR_bind_memory2 v1
	VK_KHR_buffer_device_address v1
	VK_KHR_calibrated_timestamps v1
	VK_KHR_copy_commands2 v1
	VK_KHR_create_renderpass2 v1
	VK_KHR_dedicated_allocation v3
	VK_KHR_deferred_host_operations v4
	VK_KHR_depth_stencil_resolve v1
	VK_KHR_descriptor_update_template v1
	VK_KHR_device_group v4
	VK_KHR_device_group_creation v1
	VK_KHR_driver_properties v1
	VK_KHR_dynamic_rendering v1
	VK_KHR_dynamic_rendering_local_read v1
	VK_KHR_external_fence v1
	VK_KHR_external_fence_capabilities v1
	VK_KHR_external_memory v1
	VK_KHR_external_memory_capabilities v1
	VK_KHR_external_semaphore v1
	VK_KHR_external_semaphore_capabilities v1
	VK_KHR_format_feature_flags2 v2
	VK_KHR_fragment_shader_barycentric v1
	VK_KHR_get_memory_requirements2 v1
	VK_KHR_get_physical_device_properties2 v2
	VK_KHR_get_surface_capabilities2 v1
	VK_KHR_global_priority v1
	VK_KHR_image_format_list v1
	VK_KHR_imageless_framebuffer v1
	VK_KHR_incremental_present v2
	VK_KHR_index_type_uint8 v1
	VK_KHR_line_rasterization v1
	VK_KHR_load_store_op_none v1
	VK_KHR_maintenance1 v2
	VK_KHR_maintenance2 v1
	VK_KHR_maintenance3 v1
	VK_KHR_maintenance4 v2
	VK_KHR_maintenance5 v1
	VK_KHR_maintenance6 v1
	VK_KHR_maintenance7 v1
	VK_KHR_maintenance8 v1
	VK_KHR_maintenance9 v1
	VK_KHR_map_memory2 v1
	VK_KHR_multiview v1
	VK_KHR_portability_subset v1
	VK_KHR_present_id v1
	VK_KHR_present_id2 v1
	VK_KHR_present_wait v1
	VK_KHR_present_wait2 v1
	VK_KHR_push_descriptor v2
	VK_KHR_relaxed_block_layout v1
	VK_KHR_robustness2 v1
	VK_KHR_sampler_mirror_clamp_to_edge v3
	VK_KHR_sampler_ycbcr_conversion v14
	VK_KHR_separate_depth_stencil_layouts v1
	VK_KHR_shader_draw_parameters v1
	VK_KHR_shader_expect_assume v1
	VK_KHR_shader_float_controls v4
	VK_KHR_shader_float_controls2 v1
	VK_KHR_shader_float16_int8 v1
	VK_KHR_shader_fma v1
	VK_KHR_shader_integer_dot_product v1
	VK_KHR_shader_maximal_reconvergence v1
	VK_KHR_shader_non_semantic_info v1
	VK_KHR_shader_quad_control v1
	VK_KHR_shader_relaxed_extended_instruction v1
	VK_KHR_shader_subgroup_extended_types v1
	VK_KHR_shader_subgroup_rotate v2
	VK_KHR_shader_subgroup_uniform_control_flow v1
	VK_KHR_shader_terminate_invocation v1
	VK_KHR_spirv_1_4 v1
	VK_KHR_storage_buffer_storage_class v1
	VK_KHR_surface v25
	VK_KHR_surface_maintenance1 v1
	VK_KHR_surface_protected_capabilities v1
	VK_KHR_swapchain v70
	VK_KHR_swapchain_maintenance1 v1
	VK_KHR_swapchain_mutable_format v1
	VK_KHR_synchronization2 v1
	VK_KHR_timeline_semaphore v2
	VK_KHR_uniform_buffer_standard_layout v1
	VK_KHR_variable_pointers v1
	VK_KHR_vertex_attribute_divisor v1
	VK_KHR_vulkan_memory_model v3
	VK_KHR_zero_initialize_workgroup_memory v1
	VK_EXT_4444_formats v1
	VK_EXT_buffer_device_address v2
	VK_EXT_calibrated_timestamps v2
	VK_EXT_debug_marker v4
	VK_EXT_debug_report v10
	VK_EXT_debug_utils v2
	VK_EXT_depth_clip_control v1
	VK_EXT_descriptor_indexing v2
	VK_EXT_extended_dynamic_state v1
	VK_EXT_extended_dynamic_state2 v1
	VK_EXT_extended_dynamic_state3 v2
	VK_EXT_external_memory_host v1
	VK_EXT_external_memory_metal v1
	VK_EXT_fragment_shader_interlock v1
	VK_EXT_global_priority v2
	VK_EXT_global_priority_query v1
	VK_EXT_hdr_metadata v3
	VK_EXT_headless_surface v1
	VK_EXT_host_image_copy v1
	VK_EXT_host_query_reset v1
	VK_EXT_image_2d_view_of_3d v1
	VK_EXT_image_robustness v1
	VK_EXT_index_type_uint8 v1
	VK_EXT_inline_uniform_block v1
	VK_EXT_layer_settings v2
	VK_EXT_legacy_dithering v2
	VK_EXT_line_rasterization v1
	VK_EXT_load_store_op_none v1
	VK_EXT_memory_budget v1
	VK_EXT_metal_objects v2
	VK_EXT_metal_surface v1
	VK_EXT_non_seamless_cube_map v1
	VK_EXT_pipeline_creation_cache_control v3
	VK_EXT_pipeline_creation_feedback v1
	VK_EXT_pipeline_robustness v1
	VK_EXT_post_depth_coverage v1
	VK_EXT_primitive_topology_list_restart v1
	VK_EXT_private_data v1
	VK_EXT_provoking_vertex v1
	VK_EXT_robustness2 v1
	VK_EXT_sample_locations v1
	VK_EXT_sampler_filter_minmax v2
	VK_EXT_scalar_block_layout v1
	VK_EXT_separate_stencil_usage v1
	VK_EXT_shader_atomic_float v1
	VK_EXT_shader_demote_to_helper_invocation v1
	VK_EXT_shader_stencil_export v1
	VK_EXT_shader_subgroup_ballot v1
	VK_EXT_shader_subgroup_vote v1
	VK_EXT_shader_viewport_index_layer v1
	VK_EXT_subgroup_size_control v2
	VK_EXT_surface_maintenance1 v1
	VK_EXT_swapchain_colorspace v5
	VK_EXT_swapchain_maintenance1 v1
	VK_EXT_texel_buffer_alignment v1
	VK_EXT_texture_compression_astc_hdr v1
	VK_EXT_tooling_info v1
	VK_EXT_vertex_attribute_divisor v3
	VK_AMD_gpu_shader_half_float v2
	VK_AMD_negative_viewport_height v1
	VK_AMD_shader_image_load_store_lod v1
	VK_AMD_shader_trinary_minmax v1
	VK_GOOGLE_display_timing v1
	VK_IMG_format_pvrtc v1
	VK_INTEL_shader_integer_functions2 v1
	VK_MVK_macos_surface v3
	VK_MVK_moltenvk v37
	VK_NV_fragment_shader_barycentric v1
[mvk-info] GPU device:
	model: Apple M5 Pro
	type: Integrated
	vendorID: 0x106b
	deviceID: 0x1b000208
	pipelineCacheUUID: DB660224-1B00-0208-0000-000100000000
	GPU memory available: 53084 MB
	GPU memory used: 1 MB
	Metal Shading Language 3.1
	supports the following GPU Features:
		GPU Family Metal 3
		GPU Family Apple 8
		GPU Family Mac 1
		GPU Family Mac 2
		Read-Write Texture Tier 2
[mvk-info] Created VkInstance for Vulkan version 1.4.357, as requested by app, with the following 6 Vulkan extensions enabled:
	VK_KHR_get_surface_capabilities2 v1
	VK_KHR_surface v25
	VK_KHR_surface_maintenance1 v1
	VK_EXT_metal_surface v1
	VK_EXT_surface_maintenance1 v1
	VK_EXT_swapchain_colorspace v5
[mvk-info] Vulkan semaphores using MTLEvent.
[mvk-info] Descriptor sets binding resources using Metal3 argument buffers.
[mvk-info] Created VkDevice to run on GPU Apple M5 Pro with the following 13 Vulkan extensions enabled:
	VK_KHR_dynamic_rendering v1
	VK_KHR_portability_subset v1
	VK_KHR_shader_expect_assume v1
	VK_KHR_shader_relaxed_extended_instruction v1
	VK_KHR_shader_subgroup_rotate v2
	VK_KHR_swapchain v70
	VK_KHR_swapchain_maintenance1 v1
	VK_KHR_zero_initialize_workgroup_memory v1
	VK_EXT_external_memory_host v1
	VK_EXT_hdr_metadata v3
	VK_EXT_metal_objects v2
	VK_EXT_shader_atomic_float v1
	VK_EXT_swapchain_maintenance1 v1
2026-09-30 20:56:09.689170+0200 Aagedal Media Player[70770:1759500] [MPVPlayer] MPV file loaded
[mvk-info] Created 3 swapchain images with size (320, 180) and contents scale 1.0 in layer (null) (0x787384e640) on screen Main Screen.
[mvk-warn] VK_ERROR_FEATURE_NOT_PRESENT: Metal does not support disabling primitive restart.
[mvk-warn] VK_ERROR_FEATURE_NOT_PRESENT: Metal does not support disabling primitive restart.
[mvk-warn] VK_ERROR_FEATURE_NOT_PRESENT: Metal does not support disabling primitive restart.
2026-09-30 20:56:09.819238+0200 Aagedal Media Player[70770:1759538] [scaling] mpv video-params: dw=3840 dh=2160 rotate=0
2026-09-30 20:56:09.819286+0200 Aagedal Media Player[70770:1759538] [scaling] mpv video-params: dw=3840 dh=2160 rotate=0
2026-09-30 20:56:09.819304+0200 Aagedal Media Player[70770:1759538] [scaling] mpv video-params: dw=3840 dh=2160 rotate=0
2026-09-30 20:56:09.819398+0200 Aagedal Media Player[70770:1759500] [scaling] mpv emitted videoSourceSize=3840x2160 (ratio=1.777778)
2026-09-30 20:56:09.819411+0200 Aagedal Media Player[70770:1759500] [scaling] mpv emitted videoSourceSize=3840x2160 (ratio=1.777778)
2026-09-30 20:56:09.819438+0200 Aagedal Media Player[70770:1759500] [scaling] mpv emitted videoSourceSize=3840x2160 (ratio=1.777778)
[mvk-warn] VK_ERROR_FEATURE_NOT_PRESENT: Metal does not support disabling primitive restart.
[mvk-warn] VK_ERROR_FEATURE_NOT_PRESENT: Metal does not support disabling primitive restart.
2026-09-30 20:56:10.032207+0200 Aagedal Media Player[70770:1759500] [scaling] play: backend=mpv wasPlaying=false videoSourceSize=3840x2160 ratio=1.7778
LIVE_AUDIO_METER_PLAYBACK_DIAGNOSTIC {"file":"OJ_FX6A0021.MXF","meterClockDriftSeconds":null,"meterEndSourceFrame":null,"meterGeneration":1,"meterPublishedSnapshotCount":0,"meterRequestStartSourceFrame":null,"meterStartSourceFrame":null,"meterStatus":"paused(frame: 6424320)","mpvAudioOutputDriver":"coreaudio","mpvClockSeconds":133.84,"mpvDecodedAudioChannels":1,"mpvMonitoringFilterActive":false,"mpvOutputAudioChannels":2,"mpvReachedEOF":false,"playerClockSeconds":133.84,"playerIsPlaying":false,"selectedAudioStreamOrderIndex":7,"selectedSourceID":"A","stage":"eof-start"}
2026-09-30 20:56:16.090223+0200 Aagedal Media Player[70770:1759500] [MPVPlayer] EOF reached, pausing at last frame
LIVE_AUDIO_METER_PROFILE {"audioStreamOrderIndex":7,"audioTrackLabel":"#7 • PCM_S24LE • Mono • 48 kHz","audioTrackSelectionExplicit":true,"availableAudioTrackCount":8,"backend":"mpv","channels":1,"codec":"pcm_s24le","declaredChannelLayout":"mono","durationSeconds":139.84,"eof":{"audioStreamOrderIndex":7,"clockDriftSampleCount":269,"codecNormalizationDisabled":true,"decoderVersion":"ffmpeg version 9.0.1 Copyright (c) 2000-2026 the FFmpeg developers","dynamicRangeCompressionDisabled":true,"endSourceFrame":6712320,"finalSnapshot":true,"maximumAbsoluteClockDriftSeconds":0.24000000000001939,"maximumDecodedAheadSeconds":0,"metadataStreamIndex":7,"observed":true,"peakAppResidentBytes":586301440,"peakChildResidentBytes":111902720,"publishedSnapshotCount":120,"startSourceFrame":6424320,"syntheticInitialSilenceFrameCount":0,"timestampFrameCount":288000,"timestampSource":"ffmpeg-framecrc-v1","timestampTimeBase":"1\/48000","wallSeconds":6.2561872909999998},"file":"OJ_FX6A0021.MXF","inputIndex":0,"inputSHA256":"5d1c636920c80e7ce83af6486a8de9184c5cacee8a316e799dbb52e8f02174a8","metadataStreamIndex":7,"observation":{"audioStreamOrderIndex":7,"cancellationLatencySeconds":0.00046200000000000001,"cancellationObserved":true,"childResidentBytesAfterCancellation":0,"clockDriftSampleCount":222,"endSourceFrame":249600,"firstSnapshotLatencySeconds":0.21963637499999999,"initialAppResidentBytes":372359168,"maximumAbsoluteClockDriftSeconds":0.23000000000000001,"maximumDecodedAheadSeconds":0.25000000000000044,"maximumSnapshotIntervalSeconds":0.17904975000000001,"metadataStreamIndex":7,"monitorRoutingInvariant":true,"observationSeconds":5,"peakAppResidentBytes":463323136,"peakChildResidentBytes":108101632,"publishedSnapshotCount":98,"startSourceFrame":0,"wallSeconds":5.0003752080000003},"requestedAudioStreamOrderIndex":7,"sampleRate":48000,"schemaVersion":2}
[mvk-info] Destroyed VkDevice on GPU Apple M5 Pro with 13 Vulkan extensions enabled.
[mvk-info] Destroyed VkPhysicalDevice for GPU Apple M5 Pro with 2 MB of GPU memory still allocated.
[mvk-info] Destroying VkInstance for Vulkan version 1.4.357 with 6 Vulkan extensions enabled.
2026-09-30 20:56:16.342110+0200 Aagedal Media Player[70770:1760135] [API] warning, deleted thread with uncommitted CATransaction; set CA_DEBUG_TRANSACTIONS=1 in environment to log backtraces, or set CA_ASSERT_MAIN_THREAD_TRANSACTIONS=1 to abort when an implicit transaction isn't created on a main thread.
Test Case '-[Aagedal_Media_Player_Tests.LiveAudioMeterPerformanceTests testRepresentativeProductionPathWhenRequested]' passed (13.472 seconds).
Test Suite 'LiveAudioMeterPerformanceTests' passed at 2026-09-30 20:56:16.344.
	 Executed 1 test, with 0 failures (0 unexpected) in 13.472 (13.473) seconds
Test Suite 'Aagedal Media Player Tests.xctest' passed at 2026-09-30 20:56:16.345.
	 Executed 1 test, with 0 failures (0 unexpected) in 13.472 (13.473) seconds
Test Suite 'Selected tests' passed at 2026-09-30 20:56:16.345.
	 Executed 1 test, with 0 failures (0 unexpected) in 13.472 (13.474) seconds
2026-09-30 20:56:16.629 xcodebuild[70740:1759386] [MT] IDETestOperationsObserverDebug: 14.241 elapsed -- Testing started completed.
2026-09-30 20:56:16.629 xcodebuild[70740:1759386] [MT] IDETestOperationsObserverDebug: 0.000 sec, +0.000 sec -- start
2026-09-30 20:56:16.629 xcodebuild[70740:1759386] [MT] IDETestOperationsObserverDebug: 14.241 sec, +14.241 sec -- end

Test session results, code coverage, and logs:
	/tmp/aagedal-fx6-repeat-20260930/fullbuild-7-run1/LiveAudioMeterProfile.xcresult

** TEST EXECUTE SUCCEEDED **

Testing started
