Command line invocation:
    /Applications/Xcode.app/Contents/Developer/usr/bin/xcodebuild test-without-building -xctestrun /private/tmp/aagedal-bounded-mxf-app-artifacts-20260930/input-0.xctestrun -destination platform=macOS -derivedDataPath /private/tmp/aagedal-bounded-mxf-app-dd-20260930 -parallel-testing-enabled NO -test-timeouts-enabled NO -resultBundlePath /private/tmp/aagedal-bounded-mxf-app-artifacts-20260930/runs/input-0/Profile.xcresult "-only-testing:Aagedal Media Player Tests/ProductionMetadataMemoryPerformanceTests/testProductionMetadataMemoryProfileWhenRequested"

Writing result bundle at path:
	/private/tmp/aagedal-bounded-mxf-app-artifacts-20260930/runs/input-0/Profile.xcresult

--- xcodebuild: WARNING: Using the first of multiple matching destinations:
{ platform:macOS, arch:arm64e, id:00006050-001C293C22F9401C, name:My Mac }
{ platform:macOS, arch:arm64, id:00006050-001C293C22F9401C, name:My Mac }
{ platform:macOS, arch:x86_64, id:00006050-001C293C22F9401C, name:My Mac }
{ platform:macOS, arch:arm64e, variant:Mac Catalyst, id:00006050-001C293C22F9401C, name:My Mac }
{ platform:macOS, arch:arm64, variant:Mac Catalyst, id:00006050-001C293C22F9401C, name:My Mac }
{ platform:macOS, arch:x86_64, variant:Mac Catalyst, id:00006050-001C293C22F9401C, name:My Mac }
{ platform:macOS, arch:arm64e, variant:DriverKit, id:00006050-001C293C22F9401C, name:My Mac }
{ platform:macOS, arch:arm64, variant:DriverKit, id:00006050-001C293C22F9401C, name:My Mac }
{ platform:macOS, arch:arm64e, variant:Designed for [iPad,iPhone], id:00006050-001C293C22F9401C, name:My Mac }
{ platform:macOS, arch:arm64, variant:Designed for [iPad,iPhone], id:00006050-001C293C22F9401C, name:My Mac }
2026-09-30 21:17:32.754780+0200 Aagedal Media Player[10941:1886799] ApplePersistenceIgnoreState: Existing state will not be touched. New state will be written to /var/folders/pv/f8g9jgrd7px_0xvh3kxgmyg40000gp/T/com.aagedal.MediaPlayer.savedState
Test Suite 'Selected tests' started at 2026-09-30 21:17:32.959.
Test Suite 'Aagedal Media Player Tests.xctest' started at 2026-09-30 21:17:32.959.
Test Suite 'ProductionMetadataMemoryPerformanceTests' started at 2026-09-30 21:17:32.959.
Test Case '-[Aagedal_Media_Player_Tests.ProductionMetadataMemoryPerformanceTests testProductionMetadataMemoryProfileWhenRequested]' started.
2026-09-30 21:17:32.998717+0200 Aagedal Media Player[10941:1886943] [ClientDonation] (+[PPSClientDonation isRegisteredSubsystem:category:]) Permission denied: CoreMedia / CM-ASSETCREATION
2026-09-30 21:17:33.004280+0200 Aagedal Media Player[10941:1886987] [carc] Reporter disconnected or already stopped. { func=stop, reporterID=46991237185537 }
2026-09-30 21:17:33.004359+0200 Aagedal Media Player[10941:1886987] [] <<< MetadataDescBridge >>> signalled err=-12717 at <>:1401
PRODUCTION_METADATA_MEMORY_PROFILE {"afterCachedReadLifetimePeakResidentBytes":122634240,"afterCachedReadResidentBytes":122372096,"afterLoadLifetimePeakResidentBytes":122634240,"afterLoadResidentBytes":122372096,"afterLocalReleaseLifetimePeakResidentBytes":123715584,"afterLocalReleaseResidentBytes":123682816,"cachedReadWallSeconds":5.4833999999999997e-05,"cacheParity":true,"file":"rre_8073.MP4","initialLifetimePeakResidentBytes":117915648,"initialResidentBytes":117915648,"inputFileBytes":1879319902,"inputIndex":0,"loadWallSeconds":0.054255042000000003,"metadata":{"audioStreamCount":1,"audioStreams":[{"bitDepth":16,"channelLayout":null,"channels":2,"codec":"twos","sampleRate":48000}],"bitRate":58111314,"chapterCount":0,"durationSeconds":258.72000000000003,"formatName":"mp4","sizeBytes":1879319902,"subtitleStreamCount":0,"videoStreamCount":1,"videoStreams":[{"codec":"avc1","frameRateDenominator":1,"frameRateNumerator":50,"height":1080,"width":1920}]},"processIdentifier":10941,"sampleCount":6,"sampledPeakResidentBytes":122372096,"sampleIntervalMilliseconds":10}
Test Case '-[Aagedal_Media_Player_Tests.ProductionMetadataMemoryPerformanceTests testProductionMetadataMemoryProfileWhenRequested]' passed (0.163 seconds).
Test Suite 'ProductionMetadataMemoryPerformanceTests' passed at 2026-09-30 21:17:33.122.
	 Executed 1 test, with 0 failures (0 unexpected) in 0.163 (0.163) seconds
Test Suite 'Aagedal Media Player Tests.xctest' passed at 2026-09-30 21:17:33.123.
	 Executed 1 test, with 0 failures (0 unexpected) in 0.163 (0.164) seconds
Test Suite 'Selected tests' passed at 2026-09-30 21:17:33.123.
	 Executed 1 test, with 0 failures (0 unexpected) in 0.163 (0.164) seconds
2026-09-30 21:17:33.410 xcodebuild[10937:1886655] [MT] IDETestOperationsObserverDebug: 2.066 elapsed -- Testing started completed.
2026-09-30 21:17:33.411 xcodebuild[10937:1886655] [MT] IDETestOperationsObserverDebug: 0.000 sec, +0.000 sec -- start
2026-09-30 21:17:33.411 xcodebuild[10937:1886655] [MT] IDETestOperationsObserverDebug: 2.066 sec, +2.066 sec -- end

Test session results, code coverage, and logs:
	/tmp/aagedal-bounded-mxf-app-artifacts-20260930/runs/input-0/Profile.xcresult

** TEST EXECUTE SUCCEEDED **

Testing started
