Command line invocation:
    /Applications/Xcode.app/Contents/Developer/usr/bin/xcodebuild test-without-building -xctestrun /tmp/aagedal-coreaudio-production-candidate-20260930/final-candidate.xctestrun -destination platform=macOS -parallel-testing-enabled NO -test-timeouts-enabled YES -default-test-execution-time-allowance 570 -maximum-test-execution-time-allowance 570 -resultBundlePath /tmp/aagedal-coreaudio-production-candidate-20260930/Run2.xcresult "-only-testing:Aagedal Media Player Tests/LiveAudioMeterPerformanceTests/testRepresentativeProductionPathWhenRequested"

Writing result bundle at path:
	/tmp/aagedal-coreaudio-production-candidate-20260930/Run2.xcresult

--- xcodebuild: WARNING: Using the first of multiple matching destinations:
{ platform:macOS, arch:arm64e, id:00006050-001C293C22F9401C, name:My Mac }
{ platform:macOS, arch:arm64, id:00006050-001C293C22F9401C, name:My Mac }
{ platform:macOS, arch:x86_64, id:00006050-001C293C22F9401C, name:My Mac }
{ platform:macOS, arch:arm64e, variant:Mac Catalyst, id:00006050-001C293C22F9401C, name:My Mac }
{ platform:macOS, arch:arm64, variant:Mac Catalyst, id:00006050-001C293C22F9401C, name:My Mac }
{ platform:macOS, arch:x86_64, variant:Mac Catalyst, id:00006050-001C293C22F9401C, name:My Mac }
{ platform:macOS, arch:arm64e, variant:DriverKit, id:00006050-001C293C22F9401C, name:My Mac }
{ platform:macOS, arch:arm64, variant:DriverKit, id:00006050-001C293C22F9401C, name:My Mac }
{ platform:macOS, arch:arm64e, variant:Designed for [iPad,iPhone], id:00006050-001C293C22F9401C, name:My Mac }
{ platform:macOS, arch:arm64, variant:Designed for [iPad,iPhone], id:00006050-001C293C22F9401C, name:My Mac }
2026-09-30 17:16:19.945270+0200 Aagedal Media Player[80961:1192523] [Connection] Unable to get synchronousRemoteObjectProxy, error: Error Domain=NSCocoaErrorDomain Code=4097 "connection to service named com.apple.linkd.autoShortcut" UserInfo={NSDebugDescription=connection to service named com.apple.linkd.autoShortcut}
2026-09-30 17:16:19.945868+0200 Aagedal Media Player[80961:1192523] [Application] Error registering app with intents framework: Error Domain=NSCocoaErrorDomain Code=4097 "connection to service named com.apple.linkd.autoShortcut" UserInfo={NSDebugDescription=connection to service named com.apple.linkd.autoShortcut}
2026-09-30 17:16:19.946008+0200 Aagedal Media Player[80961:1192503] [Connection] Unable to get synchronousRemoteObjectProxy, error: Error Domain=NSCocoaErrorDomain Code=4097 "connection to service named com.apple.linkd.autoShortcut" UserInfo={NSDebugDescription=connection to service named com.apple.linkd.autoShortcut}
2026-09-30 17:16:19.946020+0200 Aagedal Media Player[80961:1192503] [Connection] Unable to re-register with Process Instance Registry, error: Error Domain=NSCocoaErrorDomain Code=4097 "connection to service named com.apple.linkd.autoShortcut" UserInfo={NSDebugDescription=connection to service named com.apple.linkd.autoShortcut}
2026-09-30 17:16:19.946734+0200 Aagedal Media Player[80961:1192502] [Connection] Unable to get synchronousRemoteObjectProxy, error: Error Domain=NSCocoaErrorDomain Code=4097 "connection to service named com.apple.linkd.autoShortcut" UserInfo={NSDebugDescription=connection to service named com.apple.linkd.autoShortcut}
2026-09-30 17:16:19.946745+0200 Aagedal Media Player[80961:1192502] [Connection] Unable to re-register with Process Instance Registry, error: Error Domain=NSCocoaErrorDomain Code=4097 "connection to service named com.apple.linkd.autoShortcut" UserInfo={NSDebugDescription=connection to service named com.apple.linkd.autoShortcut}
2026-09-30 17:16:19.947515+0200 Aagedal Media Player[80961:1192502] [Connection] Will NOT re-try to establish the connection
2026-09-30 17:16:19.947541+0200 Aagedal Media Player[80961:1192503] [Connection] Unable to get synchronousRemoteObjectProxy, error: Error Domain=NSCocoaErrorDomain Code=4097 "connection to service named com.apple.linkd.autoShortcut" UserInfo={NSDebugDescription=connection to service named com.apple.linkd.autoShortcut}
2026-09-30 17:16:19.947555+0200 Aagedal Media Player[80961:1192503] [Connection] Unable to re-register with Process Instance Registry, error: Error Domain=NSCocoaErrorDomain Code=4097 "connection to service named com.apple.linkd.autoShortcut" UserInfo={NSDebugDescription=connection to service named com.apple.linkd.autoShortcut}
2026-09-30 17:16:19.987456+0200 Aagedal Media Player[80961:1192463] ApplePersistenceIgnoreState: Existing state will not be touched. New state will be written to /var/folders/pv/f8g9jgrd7px_0xvh3kxgmyg40000gp/T/com.aagedal.MediaPlayer.savedState
Test Suite 'Selected tests' started at 2026-09-30 17:16:20.167.
Test Suite 'Aagedal Media Player Tests.xctest' started at 2026-09-30 17:16:20.168.
Test Suite 'LiveAudioMeterPerformanceTests' started at 2026-09-30 17:16:20.168.
Test Case '-[Aagedal_Media_Player_Tests.LiveAudioMeterPerformanceTests testRepresentativeProductionPathWhenRequested]' started.
2026-09-30 17:16:20.171123+0200 Aagedal Media Player[80961:1192555] [ClientDonation] (+[PPSClientDonation isRegisteredSubsystem:category:]) Permission denied: CoreMedia / CM-ASSETCREATION
2026-09-30 17:16:20.179969+0200 Aagedal Media Player[80961:1192463] [PlayerController] Using MPV player for live-meter-engineering-multitrack-20260929.mp4
2026-09-30 17:16:20.180142+0200 Aagedal Media Player[80961:1192463] [MPVPlayer] MPV not initialized yet, storing pending load for: live-meter-engineering-multitrack-20260929.mp4
LIVE_AUDIO_METER_NATIVE_OUTPUT_LOGGING enabled
2026-09-30 17:16:20.207879+0200 Aagedal Media Player[80961:1192463] [MPVPlayer] MPV initialized successfully
2026-09-30 17:16:20.207923+0200 Aagedal Media Player[80961:1192555] [scaling] mpv video-params: dw=0 dh=0 rotate=0
2026-09-30 17:16:20.207941+0200 Aagedal Media Player[80961:1192555] [scaling] mpv video-params: dw=0 dh=0 rotate=0
2026-09-30 17:16:20.207951+0200 Aagedal Media Player[80961:1192555] [scaling] mpv video-params: dw=0 dh=0 rotate=0
2026-09-30 17:16:20.207985+0200 Aagedal Media Player[80961:1192463] [MPVPlayer] Loading file: live-meter-engineering-multitrack-20260929.mp4, startTime: 0.000000, autostart: false
2026-09-30 17:16:20.208036+0200 Aagedal Media Player[80961:1192547] [MPVPlayer] MPV start file event
[ffmpeg/demuxer] warn: mov,mp4,m4a,3gp,3g2,mj2: UDTA parsing failed retrying raw
[ffmpeg/demuxer] warn: mov,mp4,m4a,3gp,3g2,mj2: UDTA parsing failed retrying raw
2026-09-30 17:16:20.215197+0200 Aagedal Media Player[80961:1192463] [MPVPlayer] MPV file loaded
2026-09-30 17:16:20.231977+0200 Aagedal Media Player[80961:1192567] [plugin] AddInstanceForFactory: No factory registered for id <CFUUID 0x7aafef4640> F8BB1C28-BAE8-11D6-9C31-00039315CD46
2026-09-30 17:16:20.703301+0200 Aagedal Media Player[80961:1192463] [scaling] play: backend=mpv wasPlaying=false videoSourceSize=nil ratio=nil
LIVE_AUDIO_METER_PLAYBACK_DIAGNOSTIC {"file":"live-meter-engineering-multitrack-20260929.mp4","meterClockDriftSeconds":null,"meterEndSourceFrame":null,"meterGeneration":1,"meterPublishedSnapshotCount":0,"meterRequestStartSourceFrame":null,"meterStartSourceFrame":null,"meterStatus":"paused(frame: 0)","mpvAudioOutputDriver":"coreaudio","mpvClockSeconds":0,"mpvDecodedAudioChannels":1,"mpvMonitoringFilterActive":false,"mpvOutputAudioChannels":2,"mpvReachedEOF":false,"playerClockSeconds":0,"playerIsPlaying":false,"selectedAudioStreamOrderIndex":0,"selectedSourceID":"A","stage":"observation-start"}
2026-09-30 17:16:25.752269+0200 Aagedal Media Player[80961:1192463] [scaling] pause: backend=mpv wasPlaying=true videoSourceSize=nil ratio=nil
2026-09-30 17:16:26.401006+0200 Aagedal Media Player[80961:1192463] [scaling] play: backend=mpv wasPlaying=false videoSourceSize=nil ratio=nil
2026-09-30 17:16:26.477004+0200 Aagedal Media Player[80961:1192463] [PlayerController] Using MPV player for live-meter-engineering-multitrack-20260929.mp4
2026-09-30 17:16:26.477268+0200 Aagedal Media Player[80961:1192463] [MPVPlayer] MPV not initialized yet, storing pending load for: live-meter-engineering-multitrack-20260929.mp4
LIVE_AUDIO_METER_NATIVE_OUTPUT_LOGGING enabled
2026-09-30 17:16:26.497611+0200 Aagedal Media Player[80961:1192463] [MPVPlayer] MPV initialized successfully
2026-09-30 17:16:26.497648+0200 Aagedal Media Player[80961:1192548] [scaling] mpv video-params: dw=0 dh=0 rotate=0
2026-09-30 17:16:26.497683+0200 Aagedal Media Player[80961:1192548] [scaling] mpv video-params: dw=0 dh=0 rotate=0
2026-09-30 17:16:26.497705+0200 Aagedal Media Player[80961:1192548] [scaling] mpv video-params: dw=0 dh=0 rotate=0
2026-09-30 17:16:26.497975+0200 Aagedal Media Player[80961:1192463] [MPVPlayer] Loading file: live-meter-engineering-multitrack-20260929.mp4, startTime: 18.000000, autostart: false
2026-09-30 17:16:26.498114+0200 Aagedal Media Player[80961:1192548] [MPVPlayer] MPV start file event
[ffmpeg/demuxer] warn: mov,mp4,m4a,3gp,3g2,mj2: UDTA parsing failed retrying raw
[ffmpeg/demuxer] warn: mov,mp4,m4a,3gp,3g2,mj2: UDTA parsing failed retrying raw
2026-09-30 17:16:26.501351+0200 Aagedal Media Player[80961:1192463] [MPVPlayer] MPV file loaded
2026-09-30 17:16:26.993029+0200 Aagedal Media Player[80961:1192463] [scaling] play: backend=mpv wasPlaying=false videoSourceSize=nil ratio=nil
LIVE_AUDIO_METER_PLAYBACK_DIAGNOSTIC {"file":"live-meter-engineering-multitrack-20260929.mp4","meterClockDriftSeconds":null,"meterEndSourceFrame":null,"meterGeneration":1,"meterPublishedSnapshotCount":0,"meterRequestStartSourceFrame":null,"meterStartSourceFrame":null,"meterStatus":"paused(frame: 793799)","mpvAudioOutputDriver":"coreaudio","mpvClockSeconds":17.999977324263028,"mpvDecodedAudioChannels":1,"mpvMonitoringFilterActive":false,"mpvOutputAudioChannels":2,"mpvReachedEOF":false,"playerClockSeconds":17.999977324263028,"playerIsPlaying":false,"selectedAudioStreamOrderIndex":0,"selectedSourceID":"A","stage":"eof-start"}
2026-09-30 17:16:32.802969+0200 Aagedal Media Player[80961:1192463] [MPVPlayer] EOF reached, pausing at last frame
LIVE_AUDIO_METER_PROFILE {"audioStreamOrderIndex":0,"audioTrackLabel":"#0 • AAC • Mono • 44 kHz","audioTrackSelectionExplicit":true,"availableAudioTrackCount":2,"backend":"mpv","channels":1,"codec":"mp4a","declaredChannelLayout":"mono","durationSeconds":24,"eof":{"audioStreamOrderIndex":0,"clockDriftSampleCount":274,"codecNormalizationDisabled":true,"decoderVersion":"ffmpeg version 9.0.1 Copyright (c) 2000-2026 the FFmpeg developers","dynamicRangeCompressionDisabled":true,"endSourceFrame":1058400,"finalSnapshot":true,"maximumAbsoluteClockDriftSeconds":0.075681545480540915,"maximumDecodedAheadSeconds":0.026347341424372672,"metadataStreamIndex":0,"observed":true,"peakAppResidentBytes":152666112,"peakChildResidentBytes":18530304,"publishedSnapshotCount":121,"startSourceFrame":793799,"syntheticInitialSilenceFrameCount":0,"timestampFrameCount":264601,"timestampSource":"ffmpeg-framecrc-v1","timestampTimeBase":"1\/44100","wallSeconds":6.0540235830000002},"file":"live-meter-engineering-multitrack-20260929.mp4","inputIndex":0,"inputSHA256":"af567c0e9eeedce1c08a5cd3f01759014389e4fe54ac336e3337ad822c5fdaf7","metadataStreamIndex":0,"observation":{"audioStreamOrderIndex":0,"cancellationLatencySeconds":0.000901916,"cancellationObserved":true,"childResidentBytesAfterCancellation":0,"clockDriftSampleCount":230,"endSourceFrame":227115,"firstSnapshotLatencySeconds":0.044957417,"initialAppResidentBytes":148946944,"maximumAbsoluteClockDriftSeconds":0.21114891218594106,"maximumDecodedAheadSeconds":0.25,"maximumSnapshotIntervalSeconds":0.172641458,"metadataStreamIndex":0,"monitorRoutingInvariant":true,"observationSeconds":5,"peakAppResidentBytes":150814720,"peakChildResidentBytes":18579456,"publishedSnapshotCount":103,"startSourceFrame":0,"wallSeconds":5.0108845000000004},"requestedAudioStreamOrderIndex":0,"sampleRate":44100,"schemaVersion":2}
2026-09-30 17:16:33.117445+0200 Aagedal Media Player[80961:1192463] [PlayerController] Using MPV player for live-meter-engineering-multitrack-20260929.mp4
2026-09-30 17:16:33.117651+0200 Aagedal Media Player[80961:1192463] [MPVPlayer] MPV not initialized yet, storing pending load for: live-meter-engineering-multitrack-20260929.mp4
LIVE_AUDIO_METER_NATIVE_OUTPUT_LOGGING enabled
2026-09-30 17:16:33.140190+0200 Aagedal Media Player[80961:1192463] [MPVPlayer] MPV initialized successfully
2026-09-30 17:16:33.140224+0200 Aagedal Media Player[80961:1192555] [scaling] mpv video-params: dw=0 dh=0 rotate=0
2026-09-30 17:16:33.140257+0200 Aagedal Media Player[80961:1192555] [scaling] mpv video-params: dw=0 dh=0 rotate=0
2026-09-30 17:16:33.140280+0200 Aagedal Media Player[80961:1192555] [scaling] mpv video-params: dw=0 dh=0 rotate=0
2026-09-30 17:16:33.140502+0200 Aagedal Media Player[80961:1192463] [MPVPlayer] Loading file: live-meter-engineering-multitrack-20260929.mp4, startTime: 0.000000, autostart: false
2026-09-30 17:16:33.140614+0200 Aagedal Media Player[80961:1192555] [MPVPlayer] MPV start file event
[ffmpeg/demuxer] warn: mov,mp4,m4a,3gp,3g2,mj2: UDTA parsing failed retrying raw
[ffmpeg/demuxer] warn: mov,mp4,m4a,3gp,3g2,mj2: UDTA parsing failed retrying raw
2026-09-30 17:16:33.143199+0200 Aagedal Media Player[80961:1192463] [MPVPlayer] MPV file loaded
2026-09-30 17:16:33.634939+0200 Aagedal Media Player[80961:1192463] [scaling] play: backend=mpv wasPlaying=false videoSourceSize=nil ratio=nil
LIVE_AUDIO_METER_PLAYBACK_DIAGNOSTIC {"file":"live-meter-engineering-multitrack-20260929.mp4","meterClockDriftSeconds":null,"meterEndSourceFrame":null,"meterGeneration":1,"meterPublishedSnapshotCount":0,"meterRequestStartSourceFrame":null,"meterStartSourceFrame":null,"meterStatus":"paused(frame: 0)","mpvAudioOutputDriver":"coreaudio","mpvClockSeconds":0,"mpvDecodedAudioChannels":2,"mpvMonitoringFilterActive":false,"mpvOutputAudioChannels":2,"mpvReachedEOF":false,"playerClockSeconds":0,"playerIsPlaying":false,"selectedAudioStreamOrderIndex":1,"selectedSourceID":"A","stage":"observation-start"}
2026-09-30 17:16:38.662868+0200 Aagedal Media Player[80961:1192463] [scaling] pause: backend=mpv wasPlaying=true videoSourceSize=nil ratio=nil
2026-09-30 17:16:39.297307+0200 Aagedal Media Player[80961:1192463] [scaling] play: backend=mpv wasPlaying=false videoSourceSize=nil ratio=nil
2026-09-30 17:16:39.374592+0200 Aagedal Media Player[80961:1192463] [PlayerController] Using MPV player for live-meter-engineering-multitrack-20260929.mp4
2026-09-30 17:16:39.374817+0200 Aagedal Media Player[80961:1192463] [MPVPlayer] MPV not initialized yet, storing pending load for: live-meter-engineering-multitrack-20260929.mp4
LIVE_AUDIO_METER_NATIVE_OUTPUT_LOGGING enabled
2026-09-30 17:16:39.396254+0200 Aagedal Media Player[80961:1192463] [MPVPlayer] MPV initialized successfully
2026-09-30 17:16:39.396290+0200 Aagedal Media Player[80961:1192555] [scaling] mpv video-params: dw=0 dh=0 rotate=0
2026-09-30 17:16:39.396322+0200 Aagedal Media Player[80961:1192555] [scaling] mpv video-params: dw=0 dh=0 rotate=0
2026-09-30 17:16:39.396339+0200 Aagedal Media Player[80961:1192555] [scaling] mpv video-params: dw=0 dh=0 rotate=0
2026-09-30 17:16:39.396591+0200 Aagedal Media Player[80961:1192463] [MPVPlayer] Loading file: live-meter-engineering-multitrack-20260929.mp4, startTime: 18.000000, autostart: false
2026-09-30 17:16:39.396695+0200 Aagedal Media Player[80961:1192545] [MPVPlayer] MPV start file event
[ffmpeg/demuxer] warn: mov,mp4,m4a,3gp,3g2,mj2: UDTA parsing failed retrying raw
[ffmpeg/demuxer] warn: mov,mp4,m4a,3gp,3g2,mj2: UDTA parsing failed retrying raw
2026-09-30 17:16:39.399745+0200 Aagedal Media Player[80961:1192463] [MPVPlayer] MPV file loaded
2026-09-30 17:16:39.891136+0200 Aagedal Media Player[80961:1192463] [scaling] play: backend=mpv wasPlaying=false videoSourceSize=nil ratio=nil
LIVE_AUDIO_METER_PLAYBACK_DIAGNOSTIC {"file":"live-meter-engineering-multitrack-20260929.mp4","meterClockDriftSeconds":null,"meterEndSourceFrame":null,"meterGeneration":1,"meterPublishedSnapshotCount":0,"meterRequestStartSourceFrame":null,"meterStartSourceFrame":null,"meterStatus":"paused(frame: 863999)","mpvAudioOutputDriver":"coreaudio","mpvClockSeconds":17.999977324263028,"mpvDecodedAudioChannels":2,"mpvMonitoringFilterActive":false,"mpvOutputAudioChannels":2,"mpvReachedEOF":false,"playerClockSeconds":17.999977324263028,"playerIsPlaying":false,"selectedAudioStreamOrderIndex":1,"selectedSourceID":"A","stage":"eof-start"}
2026-09-30 17:16:45.689144+0200 Aagedal Media Player[80961:1192463] [MPVPlayer] EOF reached, pausing at last frame
LIVE_AUDIO_METER_PROFILE {"audioStreamOrderIndex":1,"audioTrackLabel":"#1 • AAC • Stereo • 48 kHz","audioTrackSelectionExplicit":true,"availableAudioTrackCount":2,"backend":"mpv","channels":2,"codec":"mp4a","declaredChannelLayout":"stereo","durationSeconds":24,"eof":{"audioStreamOrderIndex":1,"clockDriftSampleCount":275,"codecNormalizationDisabled":true,"decoderVersion":"ffmpeg version 9.0.1 Copyright (c) 2000-2026 the FFmpeg developers","dynamicRangeCompressionDisabled":true,"endSourceFrame":1152000,"finalSnapshot":true,"maximumAbsoluteClockDriftSeconds":0.083064417666949636,"maximumDecodedAheadSeconds":0.035017831999663684,"metadataStreamIndex":1,"observed":true,"peakAppResidentBytes":152961024,"peakChildResidentBytes":18776064,"publishedSnapshotCount":120,"startSourceFrame":863999,"syntheticInitialSilenceFrameCount":0,"timestampFrameCount":288001,"timestampSource":"ffmpeg-framecrc-v1","timestampTimeBase":"1\/48000","wallSeconds":6.0494386249999996},"file":"live-meter-engineering-multitrack-20260929.mp4","inputIndex":1,"inputSHA256":"af567c0e9eeedce1c08a5cd3f01759014389e4fe54ac336e3337ad822c5fdaf7","metadataStreamIndex":1,"observation":{"audioStreamOrderIndex":1,"cancellationLatencySeconds":0.00095012500000000001,"cancellationObserved":true,"childResidentBytesAfterCancellation":0,"clockDriftSampleCount":229,"endSourceFrame":247200,"firstSnapshotLatencySeconds":0.065029666999999999,"initialAppResidentBytes":147439616,"maximumAbsoluteClockDriftSeconds":0.19269558166666473,"maximumDecodedAheadSeconds":0.24986874833333461,"maximumSnapshotIntervalSeconds":0.085096832999999997,"metadataStreamIndex":1,"monitorRoutingInvariant":true,"observationSeconds":5,"peakAppResidentBytes":150454272,"peakChildResidentBytes":18710528,"publishedSnapshotCount":103,"startSourceFrame":0,"wallSeconds":5.0161312499999999},"requestedAudioStreamOrderIndex":1,"sampleRate":48000,"schemaVersion":2}
2026-09-30 17:16:46.003349+0200 Aagedal Media Player[80961:1192463] [PlayerController] Using MPV player for live-meter-engineering-multitrack-video-20260929.mp4
2026-09-30 17:16:46.003505+0200 Aagedal Media Player[80961:1192463] [MPVPlayer] MPV not initialized yet, storing pending load for: live-meter-engineering-multitrack-video-20260929.mp4
LIVE_AUDIO_METER_NATIVE_OUTPUT_LOGGING enabled
2026-09-30 17:16:46.026281+0200 Aagedal Media Player[80961:1192463] [MPVPlayer] MPV initialized successfully
2026-09-30 17:16:46.026310+0200 Aagedal Media Player[80961:1192548] [scaling] mpv video-params: dw=0 dh=0 rotate=0
2026-09-30 17:16:46.026340+0200 Aagedal Media Player[80961:1192548] [scaling] mpv video-params: dw=0 dh=0 rotate=0
2026-09-30 17:16:46.026357+0200 Aagedal Media Player[80961:1192548] [scaling] mpv video-params: dw=0 dh=0 rotate=0
2026-09-30 17:16:46.026591+0200 Aagedal Media Player[80961:1192463] [MPVPlayer] Loading file: live-meter-engineering-multitrack-video-20260929.mp4, startTime: 0.000000, autostart: false
2026-09-30 17:16:46.026727+0200 Aagedal Media Player[80961:1192554] [MPVPlayer] MPV start file event
[ffmpeg/demuxer] warn: mov,mp4,m4a,3gp,3g2,mj2: UDTA parsing failed retrying raw
[ffmpeg/demuxer] warn: mov,mp4,m4a,3gp,3g2,mj2: UDTA parsing failed retrying raw
[mvk-info] MoltenVK version 1.4.2, supporting Vulkan version 1.4.357.
	The following 154 Vulkan extensions are supported:
	VK_KHR_16bit_storage v1
	VK_KHR_8bit_storage v1
	VK_KHR_bind_memory2 v1
	VK_KHR_buffer_device_address v1
	VK_KHR_calibrated_timestamps v1
	VK_KHR_copy_commands2 v1
	VK_KHR_create_renderpass2 v1
	VK_KHR_dedicated_allocation v3
	VK_KHR_deferred_host_operations v4
	VK_KHR_depth_stencil_resolve v1
	VK_KHR_descriptor_update_template v1
	VK_KHR_device_group v4
	VK_KHR_device_group_creation v1
	VK_KHR_driver_properties v1
	VK_KHR_dynamic_rendering v1
	VK_KHR_dynamic_rendering_local_read v1
	VK_KHR_external_fence v1
	VK_KHR_external_fence_capabilities v1
	VK_KHR_external_memory v1
	VK_KHR_external_memory_capabilities v1
	VK_KHR_external_semaphore v1
	VK_KHR_external_semaphore_capabilities v1
	VK_KHR_format_feature_flags2 v2
	VK_KHR_fragment_shader_barycentric v1
	VK_KHR_get_memory_requirements2 v1
	VK_KHR_get_physical_device_properties2 v2
	VK_KHR_get_surface_capabilities2 v1
	VK_KHR_global_priority v1
	VK_KHR_image_format_list v1
	VK_KHR_imageless_framebuffer v1
	VK_KHR_incremental_present v2
	VK_KHR_index_type_uint8 v1
	VK_KHR_line_rasterization v1
	VK_KHR_load_store_op_none v1
	VK_KHR_maintenance1 v2
	VK_KHR_maintenance2 v1
	VK_KHR_maintenance3 v1
	VK_KHR_maintenance4 v2
	VK_KHR_maintenance5 v1
	VK_KHR_maintenance6 v1
	VK_KHR_maintenance7 v1
	VK_KHR_maintenance8 v1
	VK_KHR_maintenance9 v1
	VK_KHR_map_memory2 v1
	VK_KHR_multiview v1
	VK_KHR_portability_subset v1
	VK_KHR_present_id v1
	VK_KHR_present_id2 v1
	VK_KHR_present_wait v1
	VK_KHR_present_wait2 v1
	VK_KHR_push_descriptor v2
	VK_KHR_relaxed_block_layout v1
	VK_KHR_robustness2 v1
	VK_KHR_sampler_mirror_clamp_to_edge v3
	VK_KHR_sampler_ycbcr_conversion v14
	VK_KHR_separate_depth_stencil_layouts v1
	VK_KHR_shader_draw_parameters v1
	VK_KHR_shader_expect_assume v1
	VK_KHR_shader_float_controls v4
	VK_KHR_shader_float_controls2 v1
	VK_KHR_shader_float16_int8 v1
	VK_KHR_shader_fma v1
	VK_KHR_shader_integer_dot_product v1
	VK_KHR_shader_maximal_reconvergence v1
	VK_KHR_shader_non_semantic_info v1
	VK_KHR_shader_quad_control v1
	VK_KHR_shader_relaxed_extended_instruction v1
	VK_KHR_shader_subgroup_extended_types v1
	VK_KHR_shader_subgroup_rotate v2
	VK_KHR_shader_subgroup_uniform_control_flow v1
	VK_KHR_shader_terminate_invocation v1
	VK_KHR_spirv_1_4 v1
	VK_KHR_storage_buffer_storage_class v1
	VK_KHR_surface v25
	VK_KHR_surface_maintenance1 v1
	VK_KHR_surface_protected_capabilities v1
	VK_KHR_swapchain v70
	VK_KHR_swapchain_maintenance1 v1
	VK_KHR_swapchain_mutable_format v1
	VK_KHR_synchronization2 v1
	VK_KHR_timeline_semaphore v2
	VK_KHR_uniform_buffer_standard_layout v1
	VK_KHR_variable_pointers v1
	VK_KHR_vertex_attribute_divisor v1
	VK_KHR_vulkan_memory_model v3
	VK_KHR_zero_initialize_workgroup_memory v1
	VK_EXT_4444_formats v1
	VK_EXT_buffer_device_address v2
	VK_EXT_calibrated_timestamps v2
	VK_EXT_debug_marker v4
	VK_EXT_debug_report v10
	VK_EXT_debug_utils v2
	VK_EXT_depth_clip_control v1
	VK_EXT_descriptor_indexing v2
	VK_EXT_extended_dynamic_state v1
	VK_EXT_extended_dynamic_state2 v1
	VK_EXT_extended_dynamic_state3 v2
	VK_EXT_external_memory_host v1
	VK_EXT_external_memory_metal v1
	VK_EXT_fragment_shader_interlock v1
	VK_EXT_global_priority v2
	VK_EXT_global_priority_query v1
	VK_EXT_hdr_metadata v3
	VK_EXT_headless_surface v1
	VK_EXT_host_image_copy v1
	VK_EXT_host_query_reset v1
	VK_EXT_image_2d_view_of_3d v1
	VK_EXT_image_robustness v1
	VK_EXT_index_type_uint8 v1
	VK_EXT_inline_uniform_block v1
	VK_EXT_layer_settings v2
	VK_EXT_legacy_dithering v2
	VK_EXT_line_rasterization v1
	VK_EXT_load_store_op_none v1
	VK_EXT_memory_budget v1
	VK_EXT_metal_objects v2
	VK_EXT_metal_surface v1
	VK_EXT_non_seamless_cube_map v1
	VK_EXT_pipeline_creation_cache_control v3
	VK_EXT_pipeline_creation_feedback v1
	VK_EXT_pipeline_robustness v1
	VK_EXT_post_depth_coverage v1
	VK_EXT_primitive_topology_list_restart v1
	VK_EXT_private_data v1
	VK_EXT_provoking_vertex v1
	VK_EXT_robustness2 v1
	VK_EXT_sample_locations v1
	VK_EXT_sampler_filter_minmax v2
	VK_EXT_scalar_block_layout v1
	VK_EXT_separate_stencil_usage v1
	VK_EXT_shader_atomic_float v1
	VK_EXT_shader_demote_to_helper_invocation v1
	VK_EXT_shader_stencil_export v1
	VK_EXT_shader_subgroup_ballot v1
	VK_EXT_shader_subgroup_vote v1
	VK_EXT_shader_viewport_index_layer v1
	VK_EXT_subgroup_size_control v2
	VK_EXT_surface_maintenance1 v1
	VK_EXT_swapchain_colorspace v5
	VK_EXT_swapchain_maintenance1 v1
	VK_EXT_texel_buffer_alignment v1
	VK_EXT_texture_compression_astc_hdr v1
	VK_EXT_tooling_info v1
	VK_EXT_vertex_attribute_divisor v3
	VK_AMD_gpu_shader_half_float v2
	VK_AMD_negative_viewport_height v1
	VK_AMD_shader_image_load_store_lod v1
	VK_AMD_shader_trinary_minmax v1
	VK_GOOGLE_display_timing v1
	VK_IMG_format_pvrtc v1
	VK_INTEL_shader_integer_functions2 v1
	VK_MVK_macos_surface v3
	VK_MVK_moltenvk v37
	VK_NV_fragment_shader_barycentric v1
[mvk-info] GPU device:
	model: Apple M5 Pro
	type: Integrated
	vendorID: 0x106b
	deviceID: 0x1b000208
	pipelineCacheUUID: DB660224-1B00-0208-0000-000100000000
	GPU memory available: 53084 MB
	GPU memory used: 0 MB
	Metal Shading Language 3.1
	supports the following GPU Features:
		GPU Family Metal 3
		GPU Family Apple 8
		GPU Family Mac 1
		GPU Family Mac 2
		Read-Write Texture Tier 2
[mvk-info] Created VkInstance for Vulkan version 1.4.357, as requested by app, with the following 6 Vulkan extensions enabled:
	VK_KHR_get_surface_capabilities2 v1
	VK_KHR_surface v25
	VK_KHR_surface_maintenance1 v1
	VK_EXT_metal_surface v1
	VK_EXT_surface_maintenance1 v1
	VK_EXT_swapchain_colorspace v5
[mvk-info] Vulkan semaphores using MTLEvent.
[mvk-info] Descriptor sets binding resources using Metal3 argument buffers.
[mvk-info] Created VkDevice to run on GPU Apple M5 Pro with the following 13 Vulkan extensions enabled:
	VK_KHR_dynamic_rendering v1
	VK_KHR_portability_subset v1
	VK_KHR_shader_expect_assume v1
	VK_KHR_shader_relaxed_extended_instruction v1
	VK_KHR_shader_subgroup_rotate v2
	VK_KHR_swapchain v70
	VK_KHR_swapchain_maintenance1 v1
	VK_KHR_zero_initialize_workgroup_memory v1
	VK_EXT_external_memory_host v1
	VK_EXT_hdr_metadata v3
	VK_EXT_metal_objects v2
	VK_EXT_shader_atomic_float v1
	VK_EXT_swapchain_maintenance1 v1
2026-09-30 17:16:46.043038+0200 Aagedal Media Player[80961:1192463] [MPVPlayer] MPV file loaded
[mvk-info] Created 3 swapchain images with size (320, 180) and contents scale 1.0 in layer (null) (0x7aafc97ab0) on screen Main Screen.
[mvk-info] Created 3 swapchain images with size (320, 180) and contents scale 1.0 in layer (null) (0x7aafc97ab0) on screen Main Screen.
[mvk-warn] VK_ERROR_FEATURE_NOT_PRESENT: Metal does not support disabling primitive restart.
[mvk-warn] VK_ERROR_FEATURE_NOT_PRESENT: Metal does not support disabling primitive restart.
[mvk-warn] VK_ERROR_FEATURE_NOT_PRESENT: Metal does not support disabling primitive restart.
[mvk-warn] VK_ERROR_FEATURE_NOT_PRESENT: Metal does not support disabling primitive restart.
[mvk-warn] VK_ERROR_FEATURE_NOT_PRESENT: Metal does not support disabling primitive restart.
2026-09-30 17:16:46.138278+0200 Aagedal Media Player[80961:1192545] [scaling] mpv video-params: dw=64 dh=64 rotate=0
2026-09-30 17:16:46.138309+0200 Aagedal Media Player[80961:1192545] [scaling] mpv video-params: dw=64 dh=64 rotate=0
2026-09-30 17:16:46.138323+0200 Aagedal Media Player[80961:1192545] [scaling] mpv video-params: dw=64 dh=64 rotate=0
2026-09-30 17:16:46.138378+0200 Aagedal Media Player[80961:1192463] [scaling] mpv emitted videoSourceSize=64x64 (ratio=1.000000)
2026-09-30 17:16:46.138405+0200 Aagedal Media Player[80961:1192463] [scaling] mpv emitted videoSourceSize=64x64 (ratio=1.000000)
2026-09-30 17:16:46.138413+0200 Aagedal Media Player[80961:1192463] [scaling] mpv emitted videoSourceSize=64x64 (ratio=1.000000)
[mvk-warn] VK_ERROR_FEATURE_NOT_PRESENT: Metal does not support disabling primitive restart.
[mvk-warn] VK_ERROR_FEATURE_NOT_PRESENT: Metal does not support disabling primitive restart.
2026-09-30 17:16:46.530364+0200 Aagedal Media Player[80961:1192463] [scaling] play: backend=mpv wasPlaying=false videoSourceSize=64x64 ratio=1.0000
LIVE_AUDIO_METER_PLAYBACK_DIAGNOSTIC {"file":"live-meter-engineering-multitrack-video-20260929.mp4","meterClockDriftSeconds":null,"meterEndSourceFrame":null,"meterGeneration":1,"meterPublishedSnapshotCount":0,"meterRequestStartSourceFrame":null,"meterStartSourceFrame":null,"meterStatus":"paused(frame: 0)","mpvAudioOutputDriver":"coreaudio","mpvClockSeconds":0,"mpvDecodedAudioChannels":2,"mpvMonitoringFilterActive":false,"mpvOutputAudioChannels":2,"mpvReachedEOF":false,"playerClockSeconds":0,"playerIsPlaying":false,"selectedAudioStreamOrderIndex":0,"selectedSourceID":"A","stage":"observation-start"}
2026-09-30 17:16:51.545659+0200 Aagedal Media Player[80961:1192463] [scaling] pause: backend=mpv wasPlaying=true videoSourceSize=64x64 ratio=1.0000
2026-09-30 17:16:52.202997+0200 Aagedal Media Player[80961:1192463] [scaling] play: backend=mpv wasPlaying=false videoSourceSize=64x64 ratio=1.0000
[mvk-info] Destroyed VkDevice on GPU Apple M5 Pro with 13 Vulkan extensions enabled.
[mvk-info] Destroyed VkPhysicalDevice for GPU Apple M5 Pro with 1 MB of GPU memory still allocated.
[mvk-info] Destroying VkInstance for Vulkan version 1.4.357 with 6 Vulkan extensions enabled.
2026-09-30 17:16:52.386684+0200 Aagedal Media Player[80961:1193593] [API] warning, deleted thread with uncommitted CATransaction; set CA_DEBUG_TRANSACTIONS=1 in environment to log backtraces, or set CA_ASSERT_MAIN_THREAD_TRANSACTIONS=1 to abort when an implicit transaction isn't created on a main thread.
2026-09-30 17:16:52.390792+0200 Aagedal Media Player[80961:1192463] [PlayerController] Using MPV player for live-meter-engineering-multitrack-video-20260929.mp4
2026-09-30 17:16:52.391003+0200 Aagedal Media Player[80961:1192463] [MPVPlayer] MPV not initialized yet, storing pending load for: live-meter-engineering-multitrack-video-20260929.mp4
LIVE_AUDIO_METER_NATIVE_OUTPUT_LOGGING enabled
2026-09-30 17:16:52.414449+0200 Aagedal Media Player[80961:1192463] [MPVPlayer] MPV initialized successfully
2026-09-30 17:16:52.414490+0200 Aagedal Media Player[80961:1192555] [scaling] mpv video-params: dw=0 dh=0 rotate=0
2026-09-30 17:16:52.414528+0200 Aagedal Media Player[80961:1192555] [scaling] mpv video-params: dw=0 dh=0 rotate=0
2026-09-30 17:16:52.414552+0200 Aagedal Media Player[80961:1192555] [scaling] mpv video-params: dw=0 dh=0 rotate=0
2026-09-30 17:16:52.414729+0200 Aagedal Media Player[80961:1192463] [MPVPlayer] Loading file: live-meter-engineering-multitrack-video-20260929.mp4, startTime: 18.000000, autostart: false
2026-09-30 17:16:52.414889+0200 Aagedal Media Player[80961:1192554] [MPVPlayer] MPV start file event
[ffmpeg/demuxer] warn: mov,mp4,m4a,3gp,3g2,mj2: UDTA parsing failed retrying raw
[ffmpeg/demuxer] warn: mov,mp4,m4a,3gp,3g2,mj2: UDTA parsing failed retrying raw
[mvk-info] MoltenVK version 1.4.2, supporting Vulkan version 1.4.357.
	The following 154 Vulkan extensions are supported:
	VK_KHR_16bit_storage v1
	VK_KHR_8bit_storage v1
	VK_KHR_bind_memory2 v1
	VK_KHR_buffer_device_address v1
	VK_KHR_calibrated_timestamps v1
	VK_KHR_copy_commands2 v1
	VK_KHR_create_renderpass2 v1
	VK_KHR_dedicated_allocation v3
	VK_KHR_deferred_host_operations v4
	VK_KHR_depth_stencil_resolve v1
	VK_KHR_descriptor_update_template v1
	VK_KHR_device_group v4
	VK_KHR_device_group_creation v1
	VK_KHR_driver_properties v1
	VK_KHR_dynamic_rendering v1
	VK_KHR_dynamic_rendering_local_read v1
	VK_KHR_external_fence v1
	VK_KHR_external_fence_capabilities v1
	VK_KHR_external_memory v1
	VK_KHR_external_memory_capabilities v1
	VK_KHR_external_semaphore v1
	VK_KHR_external_semaphore_capabilities v1
	VK_KHR_format_feature_flags2 v2
	VK_KHR_fragment_shader_barycentric v1
	VK_KHR_get_memory_requirements2 v1
	VK_KHR_get_physical_device_properties2 v2
	VK_KHR_get_surface_capabilities2 v1
	VK_KHR_global_priority v1
	VK_KHR_image_format_list v1
	VK_KHR_imageless_framebuffer v1
	VK_KHR_incremental_present v2
	VK_KHR_index_type_uint8 v1
	VK_KHR_line_rasterization v1
	VK_KHR_load_store_op_none v1
	VK_KHR_maintenance1 v2
	VK_KHR_maintenance2 v1
	VK_KHR_maintenance3 v1
	VK_KHR_maintenance4 v2
	VK_KHR_maintenance5 v1
	VK_KHR_maintenance6 v1
	VK_KHR_maintenance7 v1
	VK_KHR_maintenance8 v1
	VK_KHR_maintenance9 v1
	VK_KHR_map_memory2 v1
	VK_KHR_multiview v1
	VK_KHR_portability_subset v1
	VK_KHR_present_id v1
	VK_KHR_present_id2 v1
	VK_KHR_present_wait v1
	VK_KHR_present_wait2 v1
	VK_KHR_push_descriptor v2
	VK_KHR_relaxed_block_layout v1
	VK_KHR_robustness2 v1
	VK_KHR_sampler_mirror_clamp_to_edge v3
	VK_KHR_sampler_ycbcr_conversion v14
	VK_KHR_separate_depth_stencil_layouts v1
	VK_KHR_shader_draw_parameters v1
	VK_KHR_shader_expect_assume v1
	VK_KHR_shader_float_controls v4
	VK_KHR_shader_float_controls2 v1
	VK_KHR_shader_float16_int8 v1
	VK_KHR_shader_fma v1
	VK_KHR_shader_integer_dot_product v1
	VK_KHR_shader_maximal_reconvergence v1
	VK_KHR_shader_non_semantic_info v1
	VK_KHR_shader_quad_control v1
	VK_KHR_shader_relaxed_extended_instruction v1
	VK_KHR_shader_subgroup_extended_types v1
	VK_KHR_shader_subgroup_rotate v2
	VK_KHR_shader_subgroup_uniform_control_flow v1
	VK_KHR_shader_terminate_invocation v1
	VK_KHR_spirv_1_4 v1
	VK_KHR_storage_buffer_storage_class v1
	VK_KHR_surface v25
	VK_KHR_surface_maintenance1 v1
	VK_KHR_surface_protected_capabilities v1
	VK_KHR_swapchain v70
	VK_KHR_swapchain_maintenance1 v1
	VK_KHR_swapchain_mutable_format v1
	VK_KHR_synchronization2 v1
	VK_KHR_timeline_semaphore v2
	VK_KHR_uniform_buffer_standard_layout v1
	VK_KHR_variable_pointers v1
	VK_KHR_vertex_attribute_divisor v1
	VK_KHR_vulkan_memory_model v3
	VK_KHR_zero_initialize_workgroup_memory v1
	VK_EXT_4444_formats v1
	VK_EXT_buffer_device_address v2
	VK_EXT_calibrated_timestamps v2
	VK_EXT_debug_marker v4
	VK_EXT_debug_report v10
	VK_EXT_debug_utils v2
	VK_EXT_depth_clip_control v1
	VK_EXT_descriptor_indexing v2
	VK_EXT_extended_dynamic_state v1
	VK_EXT_extended_dynamic_state2 v1
	VK_EXT_extended_dynamic_state3 v2
	VK_EXT_external_memory_host v1
	VK_EXT_external_memory_metal v1
	VK_EXT_fragment_shader_interlock v1
	VK_EXT_global_priority v2
	VK_EXT_global_priority_query v1
	VK_EXT_hdr_metadata v3
	VK_EXT_headless_surface v1
	VK_EXT_host_image_copy v1
	VK_EXT_host_query_reset v1
	VK_EXT_image_2d_view_of_3d v1
	VK_EXT_image_robustness v1
	VK_EXT_index_type_uint8 v1
	VK_EXT_inline_uniform_block v1
	VK_EXT_layer_settings v2
	VK_EXT_legacy_dithering v2
	VK_EXT_line_rasterization v1
	VK_EXT_load_store_op_none v1
	VK_EXT_memory_budget v1
	VK_EXT_metal_objects v2
	VK_EXT_metal_surface v1
	VK_EXT_non_seamless_cube_map v1
	VK_EXT_pipeline_creation_cache_control v3
	VK_EXT_pipeline_creation_feedback v1
	VK_EXT_pipeline_robustness v1
	VK_EXT_post_depth_coverage v1
	VK_EXT_primitive_topology_list_restart v1
	VK_EXT_private_data v1
	VK_EXT_provoking_vertex v1
	VK_EXT_robustness2 v1
	VK_EXT_sample_locations v1
	VK_EXT_sampler_filter_minmax v2
	VK_EXT_scalar_block_layout v1
	VK_EXT_separate_stencil_usage v1
	VK_EXT_shader_atomic_float v1
	VK_EXT_shader_demote_to_helper_invocation v1
	VK_EXT_shader_stencil_export v1
	VK_EXT_shader_subgroup_ballot v1
	VK_EXT_shader_subgroup_vote v1
	VK_EXT_shader_viewport_index_layer v1
	VK_EXT_subgroup_size_control v2
	VK_EXT_surface_maintenance1 v1
	VK_EXT_swapchain_colorspace v5
	VK_EXT_swapchain_maintenance1 v1
	VK_EXT_texel_buffer_alignment v1
	VK_EXT_texture_compression_astc_hdr v1
	VK_EXT_tooling_info v1
	VK_EXT_vertex_attribute_divisor v3
	VK_AMD_gpu_shader_half_float v2
	VK_AMD_negative_viewport_height v1
	VK_AMD_shader_image_load_store_lod v1
	VK_AMD_shader_trinary_minmax v1
	VK_GOOGLE_display_timing v1
	VK_IMG_format_pvrtc v1
	VK_INTEL_shader_integer_functions2 v1
	VK_MVK_macos_surface v3
	VK_MVK_moltenvk v37
	VK_NV_fragment_shader_barycentric v1
[mvk-info] GPU device:
	model: Apple M5 Pro
	type: Integrated
	vendorID: 0x106b
	deviceID: 0x1b000208
	pipelineCacheUUID: DB660224-1B00-0208-0000-000100000000
	GPU memory available: 53084 MB
	GPU memory used: 1 MB
	Metal Shading Language 3.1
	supports the following GPU Features:
		GPU Family Metal 3
		GPU Family Apple 8
		GPU Family Mac 1
		GPU Family Mac 2
		Read-Write Texture Tier 2
[mvk-info] Created VkInstance for Vulkan version 1.4.357, as requested by app, with the following 6 Vulkan extensions enabled:
	VK_KHR_get_surface_capabilities2 v1
	VK_KHR_surface v25
	VK_KHR_surface_maintenance1 v1
	VK_EXT_metal_surface v1
	VK_EXT_surface_maintenance1 v1
	VK_EXT_swapchain_colorspace v5
[mvk-info] Vulkan semaphores using MTLEvent.
[mvk-info] Descriptor sets binding resources using Metal3 argument buffers.
[mvk-info] Created VkDevice to run on GPU Apple M5 Pro with the following 13 Vulkan extensions enabled:
	VK_KHR_dynamic_rendering v1
	VK_KHR_portability_subset v1
	VK_KHR_shader_expect_assume v1
	VK_KHR_shader_relaxed_extended_instruction v1
	VK_KHR_shader_subgroup_rotate v2
	VK_KHR_swapchain v70
	VK_KHR_swapchain_maintenance1 v1
	VK_KHR_zero_initialize_workgroup_memory v1
	VK_EXT_external_memory_host v1
	VK_EXT_hdr_metadata v3
	VK_EXT_metal_objects v2
	VK_EXT_shader_atomic_float v1
	VK_EXT_swapchain_maintenance1 v1
2026-09-30 17:16:52.425505+0200 Aagedal Media Player[80961:1192463] [MPVPlayer] MPV file loaded
[mvk-info] Created 3 swapchain images with size (320, 180) and contents scale 1.0 in layer (null) (0x7ab08ade00) on screen Main Screen.
[mvk-info] Created 3 swapchain images with size (320, 180) and contents scale 1.0 in layer (null) (0x7ab08ade00) on screen Main Screen.
[mvk-warn] VK_ERROR_FEATURE_NOT_PRESENT: Metal does not support disabling primitive restart.
[mvk-warn] VK_ERROR_FEATURE_NOT_PRESENT: Metal does not support disabling primitive restart.
[mvk-warn] VK_ERROR_FEATURE_NOT_PRESENT: Metal does not support disabling primitive restart.
[mvk-warn] VK_ERROR_FEATURE_NOT_PRESENT: Metal does not support disabling primitive restart.
[mvk-warn] VK_ERROR_FEATURE_NOT_PRESENT: Metal does not support disabling primitive restart.
2026-09-30 17:16:52.519300+0200 Aagedal Media Player[80961:1192545] [scaling] mpv video-params: dw=64 dh=64 rotate=0
2026-09-30 17:16:52.519526+0200 Aagedal Media Player[80961:1192545] [scaling] mpv video-params: dw=64 dh=64 rotate=0
2026-09-30 17:16:52.519562+0200 Aagedal Media Player[80961:1192545] [scaling] mpv video-params: dw=64 dh=64 rotate=0
2026-09-30 17:16:52.519639+0200 Aagedal Media Player[80961:1192463] [scaling] mpv emitted videoSourceSize=64x64 (ratio=1.000000)
2026-09-30 17:16:52.519696+0200 Aagedal Media Player[80961:1192463] [scaling] mpv emitted videoSourceSize=64x64 (ratio=1.000000)
2026-09-30 17:16:52.519708+0200 Aagedal Media Player[80961:1192463] [scaling] mpv emitted videoSourceSize=64x64 (ratio=1.000000)
[mvk-warn] VK_ERROR_FEATURE_NOT_PRESENT: Metal does not support disabling primitive restart.
[mvk-warn] VK_ERROR_FEATURE_NOT_PRESENT: Metal does not support disabling primitive restart.
2026-09-30 17:16:52.902245+0200 Aagedal Media Player[80961:1192463] [scaling] play: backend=mpv wasPlaying=false videoSourceSize=64x64 ratio=1.0000
LIVE_AUDIO_METER_PLAYBACK_DIAGNOSTIC {"file":"live-meter-engineering-multitrack-video-20260929.mp4","meterClockDriftSeconds":null,"meterEndSourceFrame":null,"meterGeneration":1,"meterPublishedSnapshotCount":0,"meterRequestStartSourceFrame":null,"meterStartSourceFrame":null,"meterStatus":"paused(frame: 793800)","mpvAudioOutputDriver":"coreaudio","mpvClockSeconds":18,"mpvDecodedAudioChannels":2,"mpvMonitoringFilterActive":false,"mpvOutputAudioChannels":2,"mpvReachedEOF":false,"playerClockSeconds":18,"playerIsPlaying":false,"selectedAudioStreamOrderIndex":0,"selectedSourceID":"A","stage":"eof-start"}
2026-09-30 17:16:58.865323+0200 Aagedal Media Player[80961:1192463] [MPVPlayer] EOF reached, pausing at last frame
LIVE_AUDIO_METER_PROFILE {"audioStreamOrderIndex":0,"audioTrackLabel":"#0 • AAC • Stereo • 44 kHz","audioTrackSelectionExplicit":true,"availableAudioTrackCount":2,"backend":"mpv","channels":2,"codec":"mp4a","declaredChannelLayout":"stereo","durationSeconds":24,"eof":{"audioStreamOrderIndex":0,"clockDriftSampleCount":276,"codecNormalizationDisabled":true,"decoderVersion":"ffmpeg version 9.0.1 Copyright (c) 2000-2026 the FFmpeg developers","dynamicRangeCompressionDisabled":true,"endSourceFrame":1058400,"finalSnapshot":true,"maximumAbsoluteClockDriftSeconds":0.13333333333333333,"maximumDecodedAheadSeconds":0.0015670084243737392,"metadataStreamIndex":0,"observed":true,"peakAppResidentBytes":203948032,"peakChildResidentBytes":19529728,"publishedSnapshotCount":120,"startSourceFrame":793800,"syntheticInitialSilenceFrameCount":0,"timestampFrameCount":264600,"timestampSource":"ffmpeg-framecrc-v1","timestampTimeBase":"1\/44100","wallSeconds":6.0494302080000004},"file":"live-meter-engineering-multitrack-video-20260929.mp4","inputIndex":2,"inputSHA256":"dfa0cc691d2b3455226b4521c973e06397a3a8220f99ae3dbd5fe541d708950e","metadataStreamIndex":0,"observation":{"audioStreamOrderIndex":0,"cancellationLatencySeconds":0.0011125830000000001,"cancellationObserved":true,"childResidentBytesAfterCancellation":0,"clockDriftSampleCount":230,"endSourceFrame":229320,"firstSnapshotLatencySeconds":0.064020833999999999,"initialAppResidentBytes":202620928,"maximumAbsoluteClockDriftSeconds":0.20000000000000001,"maximumDecodedAheadSeconds":0.24166666666666714,"maximumSnapshotIntervalSeconds":0.173943875,"metadataStreamIndex":0,"monitorRoutingInvariant":true,"observationSeconds":5,"peakAppResidentBytes":203227136,"peakChildResidentBytes":19677184,"publishedSnapshotCount":102,"startSourceFrame":0,"wallSeconds":5.0030957919999999},"requestedAudioStreamOrderIndex":0,"sampleRate":44100,"schemaVersion":2}
[mvk-info] Destroyed VkDevice on GPU Apple M5 Pro with 13 Vulkan extensions enabled.
[mvk-info] Destroyed VkPhysicalDevice for GPU Apple M5 Pro with 2 MB of GPU memory still allocated.
[mvk-info] Destroying VkInstance for Vulkan version 1.4.357 with 6 Vulkan extensions enabled.
2026-09-30 17:16:59.011401+0200 Aagedal Media Player[80961:1193793] [API] warning, deleted thread with uncommitted CATransaction; set CA_DEBUG_TRANSACTIONS=1 in environment to log backtraces, or set CA_ASSERT_MAIN_THREAD_TRANSACTIONS=1 to abort when an implicit transaction isn't created on a main thread.
2026-09-30 17:16:59.016593+0200 Aagedal Media Player[80961:1192463] [PlayerController] Using MPV player for live-meter-engineering-multitrack-video-20260929.mp4
2026-09-30 17:16:59.016829+0200 Aagedal Media Player[80961:1192463] [MPVPlayer] MPV not initialized yet, storing pending load for: live-meter-engineering-multitrack-video-20260929.mp4
LIVE_AUDIO_METER_NATIVE_OUTPUT_LOGGING enabled
2026-09-30 17:16:59.037929+0200 Aagedal Media Player[80961:1192463] [MPVPlayer] MPV initialized successfully
2026-09-30 17:16:59.037972+0200 Aagedal Media Player[80961:1192554] [scaling] mpv video-params: dw=0 dh=0 rotate=0
2026-09-30 17:16:59.038012+0200 Aagedal Media Player[80961:1192554] [scaling] mpv video-params: dw=0 dh=0 rotate=0
2026-09-30 17:16:59.038031+0200 Aagedal Media Player[80961:1192554] [scaling] mpv video-params: dw=0 dh=0 rotate=0
2026-09-30 17:16:59.038251+0200 Aagedal Media Player[80961:1192463] [MPVPlayer] Loading file: live-meter-engineering-multitrack-video-20260929.mp4, startTime: 0.000000, autostart: false
2026-09-30 17:16:59.038363+0200 Aagedal Media Player[80961:1192554] [MPVPlayer] MPV start file event
[ffmpeg/demuxer] warn: mov,mp4,m4a,3gp,3g2,mj2: UDTA parsing failed retrying raw
[ffmpeg/demuxer] warn: mov,mp4,m4a,3gp,3g2,mj2: UDTA parsing failed retrying raw
[mvk-info] MoltenVK version 1.4.2, supporting Vulkan version 1.4.357.
	The following 154 Vulkan extensions are supported:
	VK_KHR_16bit_storage v1
	VK_KHR_8bit_storage v1
	VK_KHR_bind_memory2 v1
	VK_KHR_buffer_device_address v1
	VK_KHR_calibrated_timestamps v1
	VK_KHR_copy_commands2 v1
	VK_KHR_create_renderpass2 v1
	VK_KHR_dedicated_allocation v3
	VK_KHR_deferred_host_operations v4
	VK_KHR_depth_stencil_resolve v1
	VK_KHR_descriptor_update_template v1
	VK_KHR_device_group v4
	VK_KHR_device_group_creation v1
	VK_KHR_driver_properties v1
	VK_KHR_dynamic_rendering v1
	VK_KHR_dynamic_rendering_local_read v1
	VK_KHR_external_fence v1
	VK_KHR_external_fence_capabilities v1
	VK_KHR_external_memory v1
	VK_KHR_external_memory_capabilities v1
	VK_KHR_external_semaphore v1
	VK_KHR_external_semaphore_capabilities v1
	VK_KHR_format_feature_flags2 v2
	VK_KHR_fragment_shader_barycentric v1
	VK_KHR_get_memory_requirements2 v1
	VK_KHR_get_physical_device_properties2 v2
	VK_KHR_get_surface_capabilities2 v1
	VK_KHR_global_priority v1
	VK_KHR_image_format_list v1
	VK_KHR_imageless_framebuffer v1
	VK_KHR_incremental_present v2
	VK_KHR_index_type_uint8 v1
	VK_KHR_line_rasterization v1
	VK_KHR_load_store_op_none v1
	VK_KHR_maintenance1 v2
	VK_KHR_maintenance2 v1
	VK_KHR_maintenance3 v1
	VK_KHR_maintenance4 v2
	VK_KHR_maintenance5 v1
	VK_KHR_maintenance6 v1
	VK_KHR_maintenance7 v1
	VK_KHR_maintenance8 v1
	VK_KHR_maintenance9 v1
	VK_KHR_map_memory2 v1
	VK_KHR_multiview v1
	VK_KHR_portability_subset v1
	VK_KHR_present_id v1
	VK_KHR_present_id2 v1
	VK_KHR_present_wait v1
	VK_KHR_present_wait2 v1
	VK_KHR_push_descriptor v2
	VK_KHR_relaxed_block_layout v1
	VK_KHR_robustness2 v1
	VK_KHR_sampler_mirror_clamp_to_edge v3
	VK_KHR_sampler_ycbcr_conversion v14
	VK_KHR_separate_depth_stencil_layouts v1
	VK_KHR_shader_draw_parameters v1
	VK_KHR_shader_expect_assume v1
	VK_KHR_shader_float_controls v4
	VK_KHR_shader_float_controls2 v1
	VK_KHR_shader_float16_int8 v1
	VK_KHR_shader_fma v1
	VK_KHR_shader_integer_dot_product v1
	VK_KHR_shader_maximal_reconvergence v1
	VK_KHR_shader_non_semantic_info v1
	VK_KHR_shader_quad_control v1
	VK_KHR_shader_relaxed_extended_instruction v1
	VK_KHR_shader_subgroup_extended_types v1
	VK_KHR_shader_subgroup_rotate v2
	VK_KHR_shader_subgroup_uniform_control_flow v1
	VK_KHR_shader_terminate_invocation v1
	VK_KHR_spirv_1_4 v1
	VK_KHR_storage_buffer_storage_class v1
	VK_KHR_surface v25
	VK_KHR_surface_maintenance1 v1
	VK_KHR_surface_protected_capabilities v1
	VK_KHR_swapchain v70
	VK_KHR_swapchain_maintenance1 v1
	VK_KHR_swapchain_mutable_format v1
	VK_KHR_synchronization2 v1
	VK_KHR_timeline_semaphore v2
	VK_KHR_uniform_buffer_standard_layout v1
	VK_KHR_variable_pointers v1
	VK_KHR_vertex_attribute_divisor v1
	VK_KHR_vulkan_memory_model v3
	VK_KHR_zero_initialize_workgroup_memory v1
	VK_EXT_4444_formats v1
	VK_EXT_buffer_device_address v2
	VK_EXT_calibrated_timestamps v2
	VK_EXT_debug_marker v4
	VK_EXT_debug_report v10
	VK_EXT_debug_utils v2
	VK_EXT_depth_clip_control v1
	VK_EXT_descriptor_indexing v2
	VK_EXT_extended_dynamic_state v1
	VK_EXT_extended_dynamic_state2 v1
	VK_EXT_extended_dynamic_state3 v2
	VK_EXT_external_memory_host v1
	VK_EXT_external_memory_metal v1
	VK_EXT_fragment_shader_interlock v1
	VK_EXT_global_priority v2
	VK_EXT_global_priority_query v1
	VK_EXT_hdr_metadata v3
	VK_EXT_headless_surface v1
	VK_EXT_host_image_copy v1
	VK_EXT_host_query_reset v1
	VK_EXT_image_2d_view_of_3d v1
	VK_EXT_image_robustness v1
	VK_EXT_index_type_uint8 v1
	VK_EXT_inline_uniform_block v1
	VK_EXT_layer_settings v2
	VK_EXT_legacy_dithering v2
	VK_EXT_line_rasterization v1
	VK_EXT_load_store_op_none v1
	VK_EXT_memory_budget v1
	VK_EXT_metal_objects v2
	VK_EXT_metal_surface v1
	VK_EXT_non_seamless_cube_map v1
	VK_EXT_pipeline_creation_cache_control v3
	VK_EXT_pipeline_creation_feedback v1
	VK_EXT_pipeline_robustness v1
	VK_EXT_post_depth_coverage v1
	VK_EXT_primitive_topology_list_restart v1
	VK_EXT_private_data v1
	VK_EXT_provoking_vertex v1
	VK_EXT_robustness2 v1
	VK_EXT_sample_locations v1
	VK_EXT_sampler_filter_minmax v2
	VK_EXT_scalar_block_layout v1
	VK_EXT_separate_stencil_usage v1
	VK_EXT_shader_atomic_float v1
	VK_EXT_shader_demote_to_helper_invocation v1
	VK_EXT_shader_stencil_export v1
	VK_EXT_shader_subgroup_ballot v1
	VK_EXT_shader_subgroup_vote v1
	VK_EXT_shader_viewport_index_layer v1
	VK_EXT_subgroup_size_control v2
	VK_EXT_surface_maintenance1 v1
	VK_EXT_swapchain_colorspace v5
	VK_EXT_swapchain_maintenance1 v1
	VK_EXT_texel_buffer_alignment v1
	VK_EXT_texture_compression_astc_hdr v1
	VK_EXT_tooling_info v1
	VK_EXT_vertex_attribute_divisor v3
	VK_AMD_gpu_shader_half_float v2
	VK_AMD_negative_viewport_height v1
	VK_AMD_shader_image_load_store_lod v1
	VK_AMD_shader_trinary_minmax v1
	VK_GOOGLE_display_timing v1
	VK_IMG_format_pvrtc v1
	VK_INTEL_shader_integer_functions2 v1
	VK_MVK_macos_surface v3
	VK_MVK_moltenvk v37
	VK_NV_fragment_shader_barycentric v1
[mvk-info] GPU device:
	model: Apple M5 Pro
	type: Integrated
	vendorID: 0x106b
	deviceID: 0x1b000208
	pipelineCacheUUID: DB660224-1B00-0208-0000-000100000000
	GPU memory available: 53084 MB
	GPU memory used: 2 MB
	Metal Shading Language 3.1
	supports the following GPU Features:
		GPU Family Metal 3
		GPU Family Apple 8
		GPU Family Mac 1
		GPU Family Mac 2
		Read-Write Texture Tier 2
[mvk-info] Created VkInstance for Vulkan version 1.4.357, as requested by app, with the following 6 Vulkan extensions enabled:
	VK_KHR_get_surface_capabilities2 v1
	VK_KHR_surface v25
	VK_KHR_surface_maintenance1 v1
	VK_EXT_metal_surface v1
	VK_EXT_surface_maintenance1 v1
	VK_EXT_swapchain_colorspace v5
[mvk-info] Vulkan semaphores using MTLEvent.
[mvk-info] Descriptor sets binding resources using Metal3 argument buffers.
[mvk-info] Created VkDevice to run on GPU Apple M5 Pro with the following 13 Vulkan extensions enabled:
	VK_KHR_dynamic_rendering v1
	VK_KHR_portability_subset v1
	VK_KHR_shader_expect_assume v1
	VK_KHR_shader_relaxed_extended_instruction v1
	VK_KHR_shader_subgroup_rotate v2
	VK_KHR_swapchain v70
	VK_KHR_swapchain_maintenance1 v1
	VK_KHR_zero_initialize_workgroup_memory v1
	VK_EXT_external_memory_host v1
	VK_EXT_hdr_metadata v3
	VK_EXT_metal_objects v2
	VK_EXT_shader_atomic_float v1
	VK_EXT_swapchain_maintenance1 v1
2026-09-30 17:16:59.057732+0200 Aagedal Media Player[80961:1192463] [MPVPlayer] MPV file loaded
[mvk-info] Created 3 swapchain images with size (320, 180) and contents scale 1.0 in layer (null) (0x7ab08af060) on screen Main Screen.
[mvk-info] Created 3 swapchain images with size (320, 180) and contents scale 1.0 in layer (null) (0x7ab08af060) on screen Main Screen.
[mvk-warn] VK_ERROR_FEATURE_NOT_PRESENT: Metal does not support disabling primitive restart.
[mvk-warn] VK_ERROR_FEATURE_NOT_PRESENT: Metal does not support disabling primitive restart.
[mvk-warn] VK_ERROR_FEATURE_NOT_PRESENT: Metal does not support disabling primitive restart.
[mvk-warn] VK_ERROR_FEATURE_NOT_PRESENT: Metal does not support disabling primitive restart.
[mvk-warn] VK_ERROR_FEATURE_NOT_PRESENT: Metal does not support disabling primitive restart.
2026-09-30 17:16:59.152261+0200 Aagedal Media Player[80961:1192555] [scaling] mpv video-params: dw=64 dh=64 rotate=0
2026-09-30 17:16:59.152289+0200 Aagedal Media Player[80961:1192555] [scaling] mpv video-params: dw=64 dh=64 rotate=0
2026-09-30 17:16:59.152300+0200 Aagedal Media Player[80961:1192555] [scaling] mpv video-params: dw=64 dh=64 rotate=0
2026-09-30 17:16:59.152402+0200 Aagedal Media Player[80961:1192463] [scaling] mpv emitted videoSourceSize=64x64 (ratio=1.000000)
2026-09-30 17:16:59.152420+0200 Aagedal Media Player[80961:1192463] [scaling] mpv emitted videoSourceSize=64x64 (ratio=1.000000)
2026-09-30 17:16:59.152428+0200 Aagedal Media Player[80961:1192463] [scaling] mpv emitted videoSourceSize=64x64 (ratio=1.000000)
[mvk-warn] VK_ERROR_FEATURE_NOT_PRESENT: Metal does not support disabling primitive restart.
[mvk-warn] VK_ERROR_FEATURE_NOT_PRESENT: Metal does not support disabling primitive restart.
2026-09-30 17:16:59.541436+0200 Aagedal Media Player[80961:1192463] [scaling] play: backend=mpv wasPlaying=false videoSourceSize=64x64 ratio=1.0000
LIVE_AUDIO_METER_PLAYBACK_DIAGNOSTIC {"file":"live-meter-engineering-multitrack-video-20260929.mp4","meterClockDriftSeconds":null,"meterEndSourceFrame":null,"meterGeneration":1,"meterPublishedSnapshotCount":0,"meterRequestStartSourceFrame":null,"meterStartSourceFrame":null,"meterStatus":"paused(frame: 0)","mpvAudioOutputDriver":"coreaudio","mpvClockSeconds":0,"mpvDecodedAudioChannels":2,"mpvMonitoringFilterActive":false,"mpvOutputAudioChannels":2,"mpvReachedEOF":false,"playerClockSeconds":0,"playerIsPlaying":false,"selectedAudioStreamOrderIndex":1,"selectedSourceID":"A","stage":"observation-start"}
2026-09-30 17:17:04.564836+0200 Aagedal Media Player[80961:1192463] [scaling] pause: backend=mpv wasPlaying=true videoSourceSize=64x64 ratio=1.0000
2026-09-30 17:17:05.200551+0200 Aagedal Media Player[80961:1192463] [scaling] play: backend=mpv wasPlaying=false videoSourceSize=64x64 ratio=1.0000
[mvk-info] Destroyed VkDevice on GPU Apple M5 Pro with 13 Vulkan extensions enabled.
[mvk-info] Destroyed VkPhysicalDevice for GPU Apple M5 Pro with 3 MB of GPU memory still allocated.
[mvk-info] Destroying VkInstance for Vulkan version 1.4.357 with 6 Vulkan extensions enabled.
2026-09-30 17:17:05.342348+0200 Aagedal Media Player[80961:1193978] [API] warning, deleted thread with uncommitted CATransaction; set CA_DEBUG_TRANSACTIONS=1 in environment to log backtraces, or set CA_ASSERT_MAIN_THREAD_TRANSACTIONS=1 to abort when an implicit transaction isn't created on a main thread.
2026-09-30 17:17:05.345606+0200 Aagedal Media Player[80961:1192463] [PlayerController] Using MPV player for live-meter-engineering-multitrack-video-20260929.mp4
2026-09-30 17:17:05.345744+0200 Aagedal Media Player[80961:1192463] [MPVPlayer] MPV not initialized yet, storing pending load for: live-meter-engineering-multitrack-video-20260929.mp4
LIVE_AUDIO_METER_NATIVE_OUTPUT_LOGGING enabled
2026-09-30 17:17:05.368208+0200 Aagedal Media Player[80961:1192463] [MPVPlayer] MPV initialized successfully
2026-09-30 17:17:05.368262+0200 Aagedal Media Player[80961:1192548] [scaling] mpv video-params: dw=0 dh=0 rotate=0
2026-09-30 17:17:05.368303+0200 Aagedal Media Player[80961:1192548] [scaling] mpv video-params: dw=0 dh=0 rotate=0
2026-09-30 17:17:05.368326+0200 Aagedal Media Player[80961:1192548] [scaling] mpv video-params: dw=0 dh=0 rotate=0
2026-09-30 17:17:05.368546+0200 Aagedal Media Player[80961:1192463] [MPVPlayer] Loading file: live-meter-engineering-multitrack-video-20260929.mp4, startTime: 18.000000, autostart: false
2026-09-30 17:17:05.368675+0200 Aagedal Media Player[80961:1192548] [MPVPlayer] MPV start file event
[ffmpeg/demuxer] warn: mov,mp4,m4a,3gp,3g2,mj2: UDTA parsing failed retrying raw
[ffmpeg/demuxer] warn: mov,mp4,m4a,3gp,3g2,mj2: UDTA parsing failed retrying raw
[mvk-info] MoltenVK version 1.4.2, supporting Vulkan version 1.4.357.
	The following 154 Vulkan extensions are supported:
	VK_KHR_16bit_storage v1
	VK_KHR_8bit_storage v1
	VK_KHR_bind_memory2 v1
	VK_KHR_buffer_device_address v1
	VK_KHR_calibrated_timestamps v1
	VK_KHR_copy_commands2 v1
	VK_KHR_create_renderpass2 v1
	VK_KHR_dedicated_allocation v3
	VK_KHR_deferred_host_operations v4
	VK_KHR_depth_stencil_resolve v1
	VK_KHR_descriptor_update_template v1
	VK_KHR_device_group v4
	VK_KHR_device_group_creation v1
	VK_KHR_driver_properties v1
	VK_KHR_dynamic_rendering v1
	VK_KHR_dynamic_rendering_local_read v1
	VK_KHR_external_fence v1
	VK_KHR_external_fence_capabilities v1
	VK_KHR_external_memory v1
	VK_KHR_external_memory_capabilities v1
	VK_KHR_external_semaphore v1
	VK_KHR_external_semaphore_capabilities v1
	VK_KHR_format_feature_flags2 v2
	VK_KHR_fragment_shader_barycentric v1
	VK_KHR_get_memory_requirements2 v1
	VK_KHR_get_physical_device_properties2 v2
	VK_KHR_get_surface_capabilities2 v1
	VK_KHR_global_priority v1
	VK_KHR_image_format_list v1
	VK_KHR_imageless_framebuffer v1
	VK_KHR_incremental_present v2
	VK_KHR_index_type_uint8 v1
	VK_KHR_line_rasterization v1
	VK_KHR_load_store_op_none v1
	VK_KHR_maintenance1 v2
	VK_KHR_maintenance2 v1
	VK_KHR_maintenance3 v1
	VK_KHR_maintenance4 v2
	VK_KHR_maintenance5 v1
	VK_KHR_maintenance6 v1
	VK_KHR_maintenance7 v1
	VK_KHR_maintenance8 v1
	VK_KHR_maintenance9 v1
	VK_KHR_map_memory2 v1
	VK_KHR_multiview v1
	VK_KHR_portability_subset v1
	VK_KHR_present_id v1
	VK_KHR_present_id2 v1
	VK_KHR_present_wait v1
	VK_KHR_present_wait2 v1
	VK_KHR_push_descriptor v2
	VK_KHR_relaxed_block_layout v1
	VK_KHR_robustness2 v1
	VK_KHR_sampler_mirror_clamp_to_edge v3
	VK_KHR_sampler_ycbcr_conversion v14
	VK_KHR_separate_depth_stencil_layouts v1
	VK_KHR_shader_draw_parameters v1
	VK_KHR_shader_expect_assume v1
	VK_KHR_shader_float_controls v4
	VK_KHR_shader_float_controls2 v1
	VK_KHR_shader_float16_int8 v1
	VK_KHR_shader_fma v1
	VK_KHR_shader_integer_dot_product v1
	VK_KHR_shader_maximal_reconvergence v1
	VK_KHR_shader_non_semantic_info v1
	VK_KHR_shader_quad_control v1
	VK_KHR_shader_relaxed_extended_instruction v1
	VK_KHR_shader_subgroup_extended_types v1
	VK_KHR_shader_subgroup_rotate v2
	VK_KHR_shader_subgroup_uniform_control_flow v1
	VK_KHR_shader_terminate_invocation v1
	VK_KHR_spirv_1_4 v1
	VK_KHR_storage_buffer_storage_class v1
	VK_KHR_surface v25
	VK_KHR_surface_maintenance1 v1
	VK_KHR_surface_protected_capabilities v1
	VK_KHR_swapchain v70
	VK_KHR_swapchain_maintenance1 v1
	VK_KHR_swapchain_mutable_format v1
	VK_KHR_synchronization2 v1
	VK_KHR_timeline_semaphore v2
	VK_KHR_uniform_buffer_standard_layout v1
	VK_KHR_variable_pointers v1
	VK_KHR_vertex_attribute_divisor v1
	VK_KHR_vulkan_memory_model v3
	VK_KHR_zero_initialize_workgroup_memory v1
	VK_EXT_4444_formats v1
	VK_EXT_buffer_device_address v2
	VK_EXT_calibrated_timestamps v2
	VK_EXT_debug_marker v4
	VK_EXT_debug_report v10
	VK_EXT_debug_utils v2
	VK_EXT_depth_clip_control v1
	VK_EXT_descriptor_indexing v2
	VK_EXT_extended_dynamic_state v1
	VK_EXT_extended_dynamic_state2 v1
	VK_EXT_extended_dynamic_state3 v2
	VK_EXT_external_memory_host v1
	VK_EXT_external_memory_metal v1
	VK_EXT_fragment_shader_interlock v1
	VK_EXT_global_priority v2
	VK_EXT_global_priority_query v1
	VK_EXT_hdr_metadata v3
	VK_EXT_headless_surface v1
	VK_EXT_host_image_copy v1
	VK_EXT_host_query_reset v1
	VK_EXT_image_2d_view_of_3d v1
	VK_EXT_image_robustness v1
	VK_EXT_index_type_uint8 v1
	VK_EXT_inline_uniform_block v1
	VK_EXT_layer_settings v2
	VK_EXT_legacy_dithering v2
	VK_EXT_line_rasterization v1
	VK_EXT_load_store_op_none v1
	VK_EXT_memory_budget v1
	VK_EXT_metal_objects v2
	VK_EXT_metal_surface v1
	VK_EXT_non_seamless_cube_map v1
	VK_EXT_pipeline_creation_cache_control v3
	VK_EXT_pipeline_creation_feedback v1
	VK_EXT_pipeline_robustness v1
	VK_EXT_post_depth_coverage v1
	VK_EXT_primitive_topology_list_restart v1
	VK_EXT_private_data v1
	VK_EXT_provoking_vertex v1
	VK_EXT_robustness2 v1
	VK_EXT_sample_locations v1
	VK_EXT_sampler_filter_minmax v2
	VK_EXT_scalar_block_layout v1
	VK_EXT_separate_stencil_usage v1
	VK_EXT_shader_atomic_float v1
	VK_EXT_shader_demote_to_helper_invocation v1
	VK_EXT_shader_stencil_export v1
	VK_EXT_shader_subgroup_ballot v1
	VK_EXT_shader_subgroup_vote v1
	VK_EXT_shader_viewport_index_layer v1
	VK_EXT_subgroup_size_control v2
	VK_EXT_surface_maintenance1 v1
	VK_EXT_swapchain_colorspace v5
	VK_EXT_swapchain_maintenance1 v1
	VK_EXT_texel_buffer_alignment v1
	VK_EXT_texture_compression_astc_hdr v1
	VK_EXT_tooling_info v1
	VK_EXT_vertex_attribute_divisor v3
	VK_AMD_gpu_shader_half_float v2
	VK_AMD_negative_viewport_height v1
	VK_AMD_shader_image_load_store_lod v1
	VK_AMD_shader_trinary_minmax v1
	VK_GOOGLE_display_timing v1
	VK_IMG_format_pvrtc v1
	VK_INTEL_shader_integer_functions2 v1
	VK_MVK_macos_surface v3
	VK_MVK_moltenvk v37
	VK_NV_fragment_shader_barycentric v1
[mvk-info] GPU device:
	model: Apple M5 Pro
	type: Integrated
	vendorID: 0x106b
	deviceID: 0x1b000208
	pipelineCacheUUID: DB660224-1B00-0208-0000-000100000000
	GPU memory available: 53084 MB
	GPU memory used: 3 MB
	Metal Shading Language 3.1
	supports the following GPU Features:
		GPU Family Metal 3
		GPU Family Apple 8
		GPU Family Mac 1
		GPU Family Mac 2
		Read-Write Texture Tier 2
[mvk-info] Created VkInstance for Vulkan version 1.4.357, as requested by app, with the following 6 Vulkan extensions enabled:
	VK_KHR_get_surface_capabilities2 v1
	VK_KHR_surface v25
	VK_KHR_surface_maintenance1 v1
	VK_EXT_metal_surface v1
	VK_EXT_surface_maintenance1 v1
	VK_EXT_swapchain_colorspace v5
[mvk-info] Vulkan semaphores using MTLEvent.
[mvk-info] Descriptor sets binding resources using Metal3 argument buffers.
[mvk-info] Created VkDevice to run on GPU Apple M5 Pro with the following 13 Vulkan extensions enabled:
	VK_KHR_dynamic_rendering v1
	VK_KHR_portability_subset v1
	VK_KHR_shader_expect_assume v1
	VK_KHR_shader_relaxed_extended_instruction v1
	VK_KHR_shader_subgroup_rotate v2
	VK_KHR_swapchain v70
	VK_KHR_swapchain_maintenance1 v1
	VK_KHR_zero_initialize_workgroup_memory v1
	VK_EXT_external_memory_host v1
	VK_EXT_hdr_metadata v3
	VK_EXT_metal_objects v2
	VK_EXT_shader_atomic_float v1
	VK_EXT_swapchain_maintenance1 v1
2026-09-30 17:17:05.381372+0200 Aagedal Media Player[80961:1192463] [MPVPlayer] MPV file loaded
2026-09-30 17:17:05.382776+0200 Aagedal Media Player[80961:1192548] [scaling] mpv video-params: dw=64 dh=64 rotate=0
2026-09-30 17:17:05.383106+0200 Aagedal Media Player[80961:1192548] [scaling] mpv video-params: dw=64 dh=64 rotate=0
2026-09-30 17:17:05.383187+0200 Aagedal Media Player[80961:1192548] [scaling] mpv video-params: dw=64 dh=64 rotate=0
2026-09-30 17:17:05.383407+0200 Aagedal Media Player[80961:1192463] [scaling] mpv emitted videoSourceSize=64x64 (ratio=1.000000)
2026-09-30 17:17:05.383445+0200 Aagedal Media Player[80961:1192463] [scaling] mpv emitted videoSourceSize=64x64 (ratio=1.000000)
2026-09-30 17:17:05.383468+0200 Aagedal Media Player[80961:1192463] [scaling] mpv emitted videoSourceSize=64x64 (ratio=1.000000)
[mvk-info] Created 3 swapchain images with size (320, 180) and contents scale 1.0 in layer (null) (0x7ab0133ae0) on screen Main Screen.
[mvk-info] Created 3 swapchain images with size (320, 180) and contents scale 1.0 in layer (null) (0x7ab0133ae0) on screen Main Screen.
[mvk-warn] VK_ERROR_FEATURE_NOT_PRESENT: Metal does not support disabling primitive restart.
[mvk-warn] VK_ERROR_FEATURE_NOT_PRESENT: Metal does not support disabling primitive restart.
[mvk-warn] VK_ERROR_FEATURE_NOT_PRESENT: Metal does not support disabling primitive restart.
[mvk-warn] VK_ERROR_FEATURE_NOT_PRESENT: Metal does not support disabling primitive restart.
[mvk-warn] VK_ERROR_FEATURE_NOT_PRESENT: Metal does not support disabling primitive restart.
[mvk-warn] VK_ERROR_FEATURE_NOT_PRESENT: Metal does not support disabling primitive restart.
[mvk-warn] VK_ERROR_FEATURE_NOT_PRESENT: Metal does not support disabling primitive restart.
2026-09-30 17:17:05.864478+0200 Aagedal Media Player[80961:1192463] [scaling] play: backend=mpv wasPlaying=false videoSourceSize=64x64 ratio=1.0000
LIVE_AUDIO_METER_PLAYBACK_DIAGNOSTIC {"file":"live-meter-engineering-multitrack-video-20260929.mp4","meterClockDriftSeconds":null,"meterEndSourceFrame":null,"meterGeneration":1,"meterPublishedSnapshotCount":0,"meterRequestStartSourceFrame":null,"meterStartSourceFrame":null,"meterStatus":"paused(frame: 864000)","mpvAudioOutputDriver":"coreaudio","mpvClockSeconds":18,"mpvDecodedAudioChannels":2,"mpvMonitoringFilterActive":false,"mpvOutputAudioChannels":2,"mpvReachedEOF":false,"playerClockSeconds":18,"playerIsPlaying":false,"selectedAudioStreamOrderIndex":1,"selectedSourceID":"A","stage":"eof-start"}
2026-09-30 17:17:11.828999+0200 Aagedal Media Player[80961:1192463] [MPVPlayer] EOF reached, pausing at last frame
LIVE_AUDIO_METER_PROFILE {"audioStreamOrderIndex":1,"audioTrackLabel":"#1 • AAC • Stereo • 48 kHz","audioTrackSelectionExplicit":true,"availableAudioTrackCount":2,"backend":"mpv","channels":2,"codec":"mp4a","declaredChannelLayout":"stereo","durationSeconds":24,"eof":{"audioStreamOrderIndex":1,"clockDriftSampleCount":275,"codecNormalizationDisabled":true,"decoderVersion":"ffmpeg version 9.0.1 Copyright (c) 2000-2026 the FFmpeg developers","dynamicRangeCompressionDisabled":true,"endSourceFrame":1152000,"finalSnapshot":true,"maximumAbsoluteClockDriftSeconds":0.14166666666666425,"maximumDecodedAheadSeconds":0.00024770599960532991,"metadataStreamIndex":1,"observed":true,"peakAppResidentBytes":204800000,"peakChildResidentBytes":19447808,"publishedSnapshotCount":121,"startSourceFrame":864000,"syntheticInitialSilenceFrameCount":0,"timestampFrameCount":288000,"timestampSource":"ffmpeg-framecrc-v1","timestampTimeBase":"1\/48000","wallSeconds":6.0465094160000001},"file":"live-meter-engineering-multitrack-video-20260929.mp4","inputIndex":3,"inputSHA256":"dfa0cc691d2b3455226b4521c973e06397a3a8220f99ae3dbd5fe541d708950e","metadataStreamIndex":1,"observation":{"audioStreamOrderIndex":1,"cancellationLatencySeconds":0.0014111250000000001,"cancellationObserved":true,"childResidentBytesAfterCancellation":0,"clockDriftSampleCount":230,"endSourceFrame":249600,"firstSnapshotLatencySeconds":0.064622499999999999,"initialAppResidentBytes":204111872,"maximumAbsoluteClockDriftSeconds":0.20000000000000001,"maximumDecodedAheadSeconds":0.24166666666666714,"maximumSnapshotIntervalSeconds":0.19369924999999999,"metadataStreamIndex":1,"monitorRoutingInvariant":true,"observationSeconds":5,"peakAppResidentBytes":204554240,"peakChildResidentBytes":19709952,"publishedSnapshotCount":104,"startSourceFrame":0,"wallSeconds":5.0110316250000002},"requestedAudioStreamOrderIndex":1,"sampleRate":48000,"schemaVersion":2}
[mvk-info] Destroyed VkDevice on GPU Apple M5 Pro with 13 Vulkan extensions enabled.
[mvk-info] Destroyed VkPhysicalDevice for GPU Apple M5 Pro with 3 MB of GPU memory still allocated.
[mvk-info] Destroying VkInstance for Vulkan version 1.4.357 with 6 Vulkan extensions enabled.
2026-09-30 17:17:11.974972+0200 Aagedal Media Player[80961:1194176] [API] warning, deleted thread with uncommitted CATransaction; set CA_DEBUG_TRANSACTIONS=1 in environment to log backtraces, or set CA_ASSERT_MAIN_THREAD_TRANSACTIONS=1 to abort when an implicit transaction isn't created on a main thread.
2026-09-30 17:17:12.041319+0200 Aagedal Media Player[80961:1194370] [carc] Reporter disconnected or already stopped. { func=stop, reporterID=347724847251470 }
2026-09-30 17:17:12.041445+0200 Aagedal Media Player[80961:1194370] [] <<< MetadataDescBridge >>> signalled err=-12717 at <>:1401
2026-09-30 17:17:12.044761+0200 Aagedal Media Player[80961:1194370] [] <<< MetadataDescBridge >>> signalled err=-12717 at <>:1401
2026-09-30 17:17:12.045424+0200 Aagedal Media Player[80961:1192463] [PlayerController] Using MPV player for 20260502_TRA_MOV_0240.MP4
2026-09-30 17:17:12.045569+0200 Aagedal Media Player[80961:1192463] [MPVPlayer] MPV not initialized yet, storing pending load for: 20260502_TRA_MOV_0240.MP4
LIVE_AUDIO_METER_NATIVE_OUTPUT_LOGGING enabled
2026-09-30 17:17:12.068046+0200 Aagedal Media Player[80961:1192463] [MPVPlayer] MPV initialized successfully
2026-09-30 17:17:12.068072+0200 Aagedal Media Player[80961:1192549] [scaling] mpv video-params: dw=0 dh=0 rotate=0
2026-09-30 17:17:12.068107+0200 Aagedal Media Player[80961:1192549] [scaling] mpv video-params: dw=0 dh=0 rotate=0
2026-09-30 17:17:12.068125+0200 Aagedal Media Player[80961:1192549] [scaling] mpv video-params: dw=0 dh=0 rotate=0
2026-09-30 17:17:12.068395+0200 Aagedal Media Player[80961:1192463] [MPVPlayer] Loading file: 20260502_TRA_MOV_0240.MP4, startTime: 0.000000, autostart: false
2026-09-30 17:17:12.068501+0200 Aagedal Media Player[80961:1192554] [MPVPlayer] MPV start file event
[ffmpeg/demuxer] warn: mov,mp4,m4a,3gp,3g2,mj2: st: 0 edit list: 1 Missing key frame while searching for timestamp: 2000
[ffmpeg/demuxer] warn: mov,mp4,m4a,3gp,3g2,mj2: st: 0 edit list 1 Cannot find an index entry before timestamp: 2000.
[ffmpeg/demuxer] warn: mov,mp4,m4a,3gp,3g2,mj2: infe version < 2 is not implemented. Update your FFmpeg version to the newest one from Git. If the problem still occurs, it means that your file has a feature which has not been implemented.
[mvk-info] MoltenVK version 1.4.2, supporting Vulkan version 1.4.357.
	The following 154 Vulkan extensions are supported:
	VK_KHR_16bit_storage v1
	VK_KHR_8bit_storage v1
	VK_KHR_bind_memory2 v1
	VK_KHR_buffer_device_address v1
	VK_KHR_calibrated_timestamps v1
	VK_KHR_copy_commands2 v1
	VK_KHR_create_renderpass2 v1
	VK_KHR_dedicated_allocation v3
	VK_KHR_deferred_host_operations v4
	VK_KHR_depth_stencil_resolve v1
	VK_KHR_descriptor_update_template v1
	VK_KHR_device_group v4
	VK_KHR_device_group_creation v1
	VK_KHR_driver_properties v1
	VK_KHR_dynamic_rendering v1
	VK_KHR_dynamic_rendering_local_read v1
	VK_KHR_external_fence v1
	VK_KHR_external_fence_capabilities v1
	VK_KHR_external_memory v1
	VK_KHR_external_memory_capabilities v1
	VK_KHR_external_semaphore v1
	VK_KHR_external_semaphore_capabilities v1
	VK_KHR_format_feature_flags2 v2
	VK_KHR_fragment_shader_barycentric v1
	VK_KHR_get_memory_requirements2 v1
	VK_KHR_get_physical_device_properties2 v2
	VK_KHR_get_surface_capabilities2 v1
	VK_KHR_global_priority v1
	VK_KHR_image_format_list v1
	VK_KHR_imageless_framebuffer v1
	VK_KHR_incremental_present v2
	VK_KHR_index_type_uint8 v1
	VK_KHR_line_rasterization v1
	VK_KHR_load_store_op_none v1
	VK_KHR_maintenance1 v2
	VK_KHR_maintenance2 v1
	VK_KHR_maintenance3 v1
	VK_KHR_maintenance4 v2
	VK_KHR_maintenance5 v1
	VK_KHR_maintenance6 v1
	VK_KHR_maintenance7 v1
	VK_KHR_maintenance8 v1
	VK_KHR_maintenance9 v1
	VK_KHR_map_memory2 v1
	VK_KHR_multiview v1
	VK_KHR_portability_subset v1
	VK_KHR_present_id v1
	VK_KHR_present_id2 v1
	VK_KHR_present_wait v1
	VK_KHR_present_wait2 v1
	VK_KHR_push_descriptor v2
	VK_KHR_relaxed_block_layout v1
	VK_KHR_robustness2 v1
	VK_KHR_sampler_mirror_clamp_to_edge v3
	VK_KHR_sampler_ycbcr_conversion v14
	VK_KHR_separate_depth_stencil_layouts v1
	VK_KHR_shader_draw_parameters v1
	VK_KHR_shader_expect_assume v1
	VK_KHR_shader_float_controls v4
	VK_KHR_shader_float_controls2 v1
	VK_KHR_shader_float16_int8 v1
	VK_KHR_shader_fma v1
	VK_KHR_shader_integer_dot_product v1
	VK_KHR_shader_maximal_reconvergence v1
	VK_KHR_shader_non_semantic_info v1
	VK_KHR_shader_quad_control v1
	VK_KHR_shader_relaxed_extended_instruction v1
	VK_KHR_shader_subgroup_extended_types v1
	VK_KHR_shader_subgroup_rotate v2
	VK_KHR_shader_subgroup_uniform_control_flow v1
	VK_KHR_shader_terminate_invocation v1
	VK_KHR_spirv_1_4 v1
	VK_KHR_storage_buffer_storage_class v1
	VK_KHR_surface v25
	VK_KHR_surface_maintenance1 v1
	VK_KHR_surface_protected_capabilities v1
	VK_KHR_swapchain v70
	VK_KHR_swapchain_maintenance1 v1
	VK_KHR_swapchain_mutable_format v1
	VK_KHR_synchronization2 v1
	VK_KHR_timeline_semaphore v2
	VK_KHR_uniform_buffer_standard_layout v1
	VK_KHR_variable_pointers v1
	VK_KHR_vertex_attribute_divisor v1
	VK_KHR_vulkan_memory_model v3
	VK_KHR_zero_initialize_workgroup_memory v1
	VK_EXT_4444_formats v1
	VK_EXT_buffer_device_address v2
	VK_EXT_calibrated_timestamps v2
	VK_EXT_debug_marker v4
	VK_EXT_debug_report v10
	VK_EXT_debug_utils v2
	VK_EXT_depth_clip_control v1
	VK_EXT_descriptor_indexing v2
	VK_EXT_extended_dynamic_state v1
	VK_EXT_extended_dynamic_state2 v1
	VK_EXT_extended_dynamic_state3 v2
	VK_EXT_external_memory_host v1
	VK_EXT_external_memory_metal v1
	VK_EXT_fragment_shader_interlock v1
	VK_EXT_global_priority v2
	VK_EXT_global_priority_query v1
	VK_EXT_hdr_metadata v3
	VK_EXT_headless_surface v1
	VK_EXT_host_image_copy v1
	VK_EXT_host_query_reset v1
	VK_EXT_image_2d_view_of_3d v1
	VK_EXT_image_robustness v1
	VK_EXT_index_type_uint8 v1
	VK_EXT_inline_uniform_block v1
	VK_EXT_layer_settings v2
	VK_EXT_legacy_dithering v2
	VK_EXT_line_rasterization v1
	VK_EXT_load_store_op_none v1
	VK_EXT_memory_budget v1
	VK_EXT_metal_objects v2
	VK_EXT_metal_surface v1
	VK_EXT_non_seamless_cube_map v1
	VK_EXT_pipeline_creation_cache_control v3
	VK_EXT_pipeline_creation_feedback v1
	VK_EXT_pipeline_robustness v1
	VK_EXT_post_depth_coverage v1
	VK_EXT_primitive_topology_list_restart v1
	VK_EXT_private_data v1
	VK_EXT_provoking_vertex v1
	VK_EXT_robustness2 v1
	VK_EXT_sample_locations v1
	VK_EXT_sampler_filter_minmax v2
	VK_EXT_scalar_block_layout v1
	VK_EXT_separate_stencil_usage v1
	VK_EXT_shader_atomic_float v1
	VK_EXT_shader_demote_to_helper_invocation v1
	VK_EXT_shader_stencil_export v1
	VK_EXT_shader_subgroup_ballot v1
	VK_EXT_shader_subgroup_vote v1
	VK_EXT_shader_viewport_index_layer v1
	VK_EXT_subgroup_size_control v2
	VK_EXT_surface_maintenance1 v1
	VK_EXT_swapchain_colorspace v5
	VK_EXT_swapchain_maintenance1 v1
	VK_EXT_texel_buffer_alignment v1
	VK_EXT_texture_compression_astc_hdr v1
	VK_EXT_tooling_info v1
	VK_EXT_vertex_attribute_divisor v3
	VK_AMD_gpu_shader_half_float v2
	VK_AMD_negative_viewport_height v1
	VK_AMD_shader_image_load_store_lod v1
	VK_AMD_shader_trinary_minmax v1
	VK_GOOGLE_display_timing v1
	VK_IMG_format_pvrtc v1
	VK_INTEL_shader_integer_functions2 v1
	VK_MVK_macos_surface v3
	VK_MVK_moltenvk v37
	VK_NV_fragment_shader_barycentric v1
[mvk-info] GPU device:
	model: Apple M5 Pro
	type: Integrated
	vendorID: 0x106b
	deviceID: 0x1b000208
	pipelineCacheUUID: DB660224-1B00-0208-0000-000100000000
	GPU memory available: 53084 MB
	GPU memory used: 3 MB
	Metal Shading Language 3.1
	supports the following GPU Features:
		GPU Family Metal 3
		GPU Family Apple 8
		GPU Family Mac 1
		GPU Family Mac 2
		Read-Write Texture Tier 2
[mvk-info] Created VkInstance for Vulkan version 1.4.357, as requested by app, with the following 6 Vulkan extensions enabled:
	VK_KHR_get_surface_capabilities2 v1
	VK_KHR_surface v25
	VK_KHR_surface_maintenance1 v1
	VK_EXT_metal_surface v1
	VK_EXT_surface_maintenance1 v1
	VK_EXT_swapchain_colorspace v5
[mvk-info] Vulkan semaphores using MTLEvent.
[mvk-info] Descriptor sets binding resources using Metal3 argument buffers.
[mvk-info] Created VkDevice to run on GPU Apple M5 Pro with the following 13 Vulkan extensions enabled:
	VK_KHR_dynamic_rendering v1
	VK_KHR_portability_subset v1
	VK_KHR_shader_expect_assume v1
	VK_KHR_shader_relaxed_extended_instruction v1
	VK_KHR_shader_subgroup_rotate v2
	VK_KHR_swapchain v70
	VK_KHR_swapchain_maintenance1 v1
	VK_KHR_zero_initialize_workgroup_memory v1
	VK_EXT_external_memory_host v1
	VK_EXT_hdr_metadata v3
	VK_EXT_metal_objects v2
	VK_EXT_shader_atomic_float v1
	VK_EXT_swapchain_maintenance1 v1
2026-09-30 17:17:12.089417+0200 Aagedal Media Player[80961:1192463] [MPVPlayer] MPV file loaded
2026-09-30 17:17:12.265968+0200 Aagedal Media Player[80961:1192548] [scaling] mpv video-params: dw=3840 dh=2160 rotate=0
2026-09-30 17:17:12.266034+0200 Aagedal Media Player[80961:1192463] [scaling] mpv emitted videoSourceSize=3840x2160 (ratio=1.777778)
[mvk-info] Created 3 swapchain images with size (320, 180) and contents scale 1.0 in layer (null) (0x7ab1541620) on screen Main Screen.
2026-09-30 17:17:12.369433+0200 Aagedal Media Player[80961:1192554] [Metal Compiler Warning] Warning: Compilation succeeded with: 

program_source:48:17: warning: unused variable '_473' [-Wunused-const-variable]
constant float4 _473 = {};
                ^
[mvk-warn] VK_ERROR_FEATURE_NOT_PRESENT: Metal does not support disabling primitive restart.
[mvk-warn] VK_ERROR_FEATURE_NOT_PRESENT: Metal does not support disabling primitive restart.
[mvk-warn] VK_ERROR_FEATURE_NOT_PRESENT: Metal does not support disabling primitive restart.
2026-09-30 17:17:12.469303+0200 Aagedal Media Player[80961:1192548] [scaling] mpv video-params: dw=3840 dh=2160 rotate=0
2026-09-30 17:17:12.469354+0200 Aagedal Media Player[80961:1192463] [scaling] mpv emitted videoSourceSize=3840x2160 (ratio=1.777778)
2026-09-30 17:17:12.469366+0200 Aagedal Media Player[80961:1192548] [scaling] mpv video-params: dw=3840 dh=2160 rotate=0
2026-09-30 17:17:12.469421+0200 Aagedal Media Player[80961:1192463] [scaling] mpv emitted videoSourceSize=3840x2160 (ratio=1.777778)
[mvk-warn] VK_ERROR_FEATURE_NOT_PRESENT: Metal does not support disabling primitive restart.
[mvk-warn] VK_ERROR_FEATURE_NOT_PRESENT: Metal does not support disabling primitive restart.
2026-09-30 17:17:12.566265+0200 Aagedal Media Player[80961:1192463] [scaling] play: backend=mpv wasPlaying=false videoSourceSize=3840x2160 ratio=1.7778
LIVE_AUDIO_METER_PLAYBACK_DIAGNOSTIC {"file":"20260502_TRA_MOV_0240.MP4","meterClockDriftSeconds":null,"meterEndSourceFrame":null,"meterGeneration":1,"meterPublishedSnapshotCount":0,"meterRequestStartSourceFrame":null,"meterStartSourceFrame":null,"meterStatus":"paused(frame: 0)","mpvAudioOutputDriver":"coreaudio","mpvClockSeconds":0,"mpvDecodedAudioChannels":2,"mpvMonitoringFilterActive":false,"mpvOutputAudioChannels":2,"mpvReachedEOF":false,"playerClockSeconds":0,"playerIsPlaying":false,"selectedAudioStreamOrderIndex":0,"selectedSourceID":"A","stage":"observation-start"}
2026-09-30 17:17:17.579632+0200 Aagedal Media Player[80961:1192463] [scaling] pause: backend=mpv wasPlaying=true videoSourceSize=3840x2160 ratio=1.7778
2026-09-30 17:17:18.225601+0200 Aagedal Media Player[80961:1192463] [scaling] play: backend=mpv wasPlaying=false videoSourceSize=3840x2160 ratio=1.7778
[mvk-info] Destroyed VkDevice on GPU Apple M5 Pro with 13 Vulkan extensions enabled.
[mvk-info] Destroyed VkPhysicalDevice for GPU Apple M5 Pro with 4 MB of GPU memory still allocated.
[mvk-info] Destroying VkInstance for Vulkan version 1.4.357 with 6 Vulkan extensions enabled.
2026-09-30 17:17:18.371852+0200 Aagedal Media Player[80961:1194383] [API] warning, deleted thread with uncommitted CATransaction; set CA_DEBUG_TRANSACTIONS=1 in environment to log backtraces, or set CA_ASSERT_MAIN_THREAD_TRANSACTIONS=1 to abort when an implicit transaction isn't created on a main thread.
2026-09-30 17:17:18.374366+0200 Aagedal Media Player[80961:1194587] [] <<< MetadataDescBridge >>> signalled err=-12717 at <>:1401
2026-09-30 17:17:18.375260+0200 Aagedal Media Player[80961:1192463] [PlayerController] Using MPV player for 20260502_TRA_MOV_0240.MP4
2026-09-30 17:17:18.375451+0200 Aagedal Media Player[80961:1192463] [MPVPlayer] MPV not initialized yet, storing pending load for: 20260502_TRA_MOV_0240.MP4
LIVE_AUDIO_METER_NATIVE_OUTPUT_LOGGING enabled
2026-09-30 17:17:18.397145+0200 Aagedal Media Player[80961:1192463] [MPVPlayer] MPV initialized successfully
2026-09-30 17:17:18.397179+0200 Aagedal Media Player[80961:1192556] [scaling] mpv video-params: dw=0 dh=0 rotate=0
2026-09-30 17:17:18.397214+0200 Aagedal Media Player[80961:1192556] [scaling] mpv video-params: dw=0 dh=0 rotate=0
2026-09-30 17:17:18.397235+0200 Aagedal Media Player[80961:1192556] [scaling] mpv video-params: dw=0 dh=0 rotate=0
2026-09-30 17:17:18.397563+0200 Aagedal Media Player[80961:1192463] [MPVPlayer] Loading file: 20260502_TRA_MOV_0240.MP4, startTime: 105.360000, autostart: false
2026-09-30 17:17:18.397702+0200 Aagedal Media Player[80961:1192554] [MPVPlayer] MPV start file event
[ffmpeg/demuxer] warn: mov,mp4,m4a,3gp,3g2,mj2: st: 0 edit list: 1 Missing key frame while searching for timestamp: 2000
[ffmpeg/demuxer] warn: mov,mp4,m4a,3gp,3g2,mj2: st: 0 edit list 1 Cannot find an index entry before timestamp: 2000.
[ffmpeg/demuxer] warn: mov,mp4,m4a,3gp,3g2,mj2: infe version < 2 is not implemented. Update your FFmpeg version to the newest one from Git. If the problem still occurs, it means that your file has a feature which has not been implemented.
[mvk-info] MoltenVK version 1.4.2, supporting Vulkan version 1.4.357.
	The following 154 Vulkan extensions are supported:
	VK_KHR_16bit_storage v1
	VK_KHR_8bit_storage v1
	VK_KHR_bind_memory2 v1
	VK_KHR_buffer_device_address v1
	VK_KHR_calibrated_timestamps v1
	VK_KHR_copy_commands2 v1
	VK_KHR_create_renderpass2 v1
	VK_KHR_dedicated_allocation v3
	VK_KHR_deferred_host_operations v4
	VK_KHR_depth_stencil_resolve v1
	VK_KHR_descriptor_update_template v1
	VK_KHR_device_group v4
	VK_KHR_device_group_creation v1
	VK_KHR_driver_properties v1
	VK_KHR_dynamic_rendering v1
	VK_KHR_dynamic_rendering_local_read v1
	VK_KHR_external_fence v1
	VK_KHR_external_fence_capabilities v1
	VK_KHR_external_memory v1
	VK_KHR_external_memory_capabilities v1
	VK_KHR_external_semaphore v1
	VK_KHR_external_semaphore_capabilities v1
	VK_KHR_format_feature_flags2 v2
	VK_KHR_fragment_shader_barycentric v1
	VK_KHR_get_memory_requirements2 v1
	VK_KHR_get_physical_device_properties2 v2
	VK_KHR_get_surface_capabilities2 v1
	VK_KHR_global_priority v1
	VK_KHR_image_format_list v1
	VK_KHR_imageless_framebuffer v1
	VK_KHR_incremental_present v2
	VK_KHR_index_type_uint8 v1
	VK_KHR_line_rasterization v1
	VK_KHR_load_store_op_none v1
	VK_KHR_maintenance1 v2
	VK_KHR_maintenance2 v1
	VK_KHR_maintenance3 v1
	VK_KHR_maintenance4 v2
	VK_KHR_maintenance5 v1
	VK_KHR_maintenance6 v1
	VK_KHR_maintenance7 v1
	VK_KHR_maintenance8 v1
	VK_KHR_maintenance9 v1
	VK_KHR_map_memory2 v1
	VK_KHR_multiview v1
	VK_KHR_portability_subset v1
	VK_KHR_present_id v1
	VK_KHR_present_id2 v1
	VK_KHR_present_wait v1
	VK_KHR_present_wait2 v1
	VK_KHR_push_descriptor v2
	VK_KHR_relaxed_block_layout v1
	VK_KHR_robustness2 v1
	VK_KHR_sampler_mirror_clamp_to_edge v3
	VK_KHR_sampler_ycbcr_conversion v14
	VK_KHR_separate_depth_stencil_layouts v1
	VK_KHR_shader_draw_parameters v1
	VK_KHR_shader_expect_assume v1
	VK_KHR_shader_float_controls v4
	VK_KHR_shader_float_controls2 v1
	VK_KHR_shader_float16_int8 v1
	VK_KHR_shader_fma v1
	VK_KHR_shader_integer_dot_product v1
	VK_KHR_shader_maximal_reconvergence v1
	VK_KHR_shader_non_semantic_info v1
	VK_KHR_shader_quad_control v1
	VK_KHR_shader_relaxed_extended_instruction v1
	VK_KHR_shader_subgroup_extended_types v1
	VK_KHR_shader_subgroup_rotate v2
	VK_KHR_shader_subgroup_uniform_control_flow v1
	VK_KHR_shader_terminate_invocation v1
	VK_KHR_spirv_1_4 v1
	VK_KHR_storage_buffer_storage_class v1
	VK_KHR_surface v25
	VK_KHR_surface_maintenance1 v1
	VK_KHR_surface_protected_capabilities v1
	VK_KHR_swapchain v70
	VK_KHR_swapchain_maintenance1 v1
	VK_KHR_swapchain_mutable_format v1
	VK_KHR_synchronization2 v1
	VK_KHR_timeline_semaphore v2
	VK_KHR_uniform_buffer_standard_layout v1
	VK_KHR_variable_pointers v1
	VK_KHR_vertex_attribute_divisor v1
	VK_KHR_vulkan_memory_model v3
	VK_KHR_zero_initialize_workgroup_memory v1
	VK_EXT_4444_formats v1
	VK_EXT_buffer_device_address v2
	VK_EXT_calibrated_timestamps v2
	VK_EXT_debug_marker v4
	VK_EXT_debug_report v10
	VK_EXT_debug_utils v2
	VK_EXT_depth_clip_control v1
	VK_EXT_descriptor_indexing v2
	VK_EXT_extended_dynamic_state v1
	VK_EXT_extended_dynamic_state2 v1
	VK_EXT_extended_dynamic_state3 v2
	VK_EXT_external_memory_host v1
	VK_EXT_external_memory_metal v1
	VK_EXT_fragment_shader_interlock v1
	VK_EXT_global_priority v2
	VK_EXT_global_priority_query v1
	VK_EXT_hdr_metadata v3
	VK_EXT_headless_surface v1
	VK_EXT_host_image_copy v1
	VK_EXT_host_query_reset v1
	VK_EXT_image_2d_view_of_3d v1
	VK_EXT_image_robustness v1
	VK_EXT_index_type_uint8 v1
	VK_EXT_inline_uniform_block v1
	VK_EXT_layer_settings v2
	VK_EXT_legacy_dithering v2
	VK_EXT_line_rasterization v1
	VK_EXT_load_store_op_none v1
	VK_EXT_memory_budget v1
	VK_EXT_metal_objects v2
	VK_EXT_metal_surface v1
	VK_EXT_non_seamless_cube_map v1
	VK_EXT_pipeline_creation_cache_control v3
	VK_EXT_pipeline_creation_feedback v1
	VK_EXT_pipeline_robustness v1
	VK_EXT_post_depth_coverage v1
	VK_EXT_primitive_topology_list_restart v1
	VK_EXT_private_data v1
	VK_EXT_provoking_vertex v1
	VK_EXT_robustness2 v1
	VK_EXT_sample_locations v1
	VK_EXT_sampler_filter_minmax v2
	VK_EXT_scalar_block_layout v1
	VK_EXT_separate_stencil_usage v1
	VK_EXT_shader_atomic_float v1
	VK_EXT_shader_demote_to_helper_invocation v1
	VK_EXT_shader_stencil_export v1
	VK_EXT_shader_subgroup_ballot v1
	VK_EXT_shader_subgroup_vote v1
	VK_EXT_shader_viewport_index_layer v1
	VK_EXT_subgroup_size_control v2
	VK_EXT_surface_maintenance1 v1
	VK_EXT_swapchain_colorspace v5
	VK_EXT_swapchain_maintenance1 v1
	VK_EXT_texel_buffer_alignment v1
	VK_EXT_texture_compression_astc_hdr v1
	VK_EXT_tooling_info v1
	VK_EXT_vertex_attribute_divisor v3
	VK_AMD_gpu_shader_half_float v2
	VK_AMD_negative_viewport_height v1
	VK_AMD_shader_image_load_store_lod v1
	VK_AMD_shader_trinary_minmax v1
	VK_GOOGLE_display_timing v1
	VK_IMG_format_pvrtc v1
	VK_INTEL_shader_integer_functions2 v1
	VK_MVK_macos_surface v3
	VK_MVK_moltenvk v37
	VK_NV_fragment_shader_barycentric v1
[mvk-info] GPU device:
	model: Apple M5 Pro
	type: Integrated
	vendorID: 0x106b
	deviceID: 0x1b000208
	pipelineCacheUUID: DB660224-1B00-0208-0000-000100000000
	GPU memory available: 53084 MB
	GPU memory used: 4 MB
	Metal Shading Language 3.1
	supports the following GPU Features:
		GPU Family Metal 3
		GPU Family Apple 8
		GPU Family Mac 1
		GPU Family Mac 2
		Read-Write Texture Tier 2
[mvk-info] Created VkInstance for Vulkan version 1.4.357, as requested by app, with the following 6 Vulkan extensions enabled:
	VK_KHR_get_surface_capabilities2 v1
	VK_KHR_surface v25
	VK_KHR_surface_maintenance1 v1
	VK_EXT_metal_surface v1
	VK_EXT_surface_maintenance1 v1
	VK_EXT_swapchain_colorspace v5
[mvk-info] Vulkan semaphores using MTLEvent.
[mvk-info] Descriptor sets binding resources using Metal3 argument buffers.
[mvk-info] Created VkDevice to run on GPU Apple M5 Pro with the following 13 Vulkan extensions enabled:
	VK_KHR_dynamic_rendering v1
	VK_KHR_portability_subset v1
	VK_KHR_shader_expect_assume v1
	VK_KHR_shader_relaxed_extended_instruction v1
	VK_KHR_shader_subgroup_rotate v2
	VK_KHR_swapchain v70
	VK_KHR_swapchain_maintenance1 v1
	VK_KHR_zero_initialize_workgroup_memory v1
	VK_EXT_external_memory_host v1
	VK_EXT_hdr_metadata v3
	VK_EXT_metal_objects v2
	VK_EXT_shader_atomic_float v1
	VK_EXT_swapchain_maintenance1 v1
2026-09-30 17:17:18.406116+0200 Aagedal Media Player[80961:1192463] [MPVPlayer] MPV file loaded
2026-09-30 17:17:18.506501+0200 Aagedal Media Player[80961:1192556] [scaling] mpv video-params: dw=3840 dh=2160 rotate=0
2026-09-30 17:17:18.506646+0200 Aagedal Media Player[80961:1192463] [scaling] mpv emitted videoSourceSize=3840x2160 (ratio=1.777778)
2026-09-30 17:17:18.514127+0200 Aagedal Media Player[80961:1192556] [scaling] mpv video-params: dw=3840 dh=2160 rotate=0
2026-09-30 17:17:18.514257+0200 Aagedal Media Player[80961:1192463] [scaling] mpv emitted videoSourceSize=3840x2160 (ratio=1.777778)
2026-09-30 17:17:18.522527+0200 Aagedal Media Player[80961:1192556] [scaling] mpv video-params: dw=3840 dh=2160 rotate=0
2026-09-30 17:17:18.522639+0200 Aagedal Media Player[80961:1192463] [scaling] mpv emitted videoSourceSize=3840x2160 (ratio=1.777778)
[mvk-info] Created 3 swapchain images with size (320, 180) and contents scale 1.0 in layer (null) (0x7ab1543450) on screen Main Screen.
[mvk-warn] VK_ERROR_FEATURE_NOT_PRESENT: Metal does not support disabling primitive restart.
[mvk-warn] VK_ERROR_FEATURE_NOT_PRESENT: Metal does not support disabling primitive restart.
[mvk-warn] VK_ERROR_FEATURE_NOT_PRESENT: Metal does not support disabling primitive restart.
[mvk-warn] VK_ERROR_FEATURE_NOT_PRESENT: Metal does not support disabling primitive restart.
[mvk-warn] VK_ERROR_FEATURE_NOT_PRESENT: Metal does not support disabling primitive restart.
2026-09-30 17:17:18.890242+0200 Aagedal Media Player[80961:1192463] [scaling] play: backend=mpv wasPlaying=false videoSourceSize=3840x2160 ratio=1.7778
LIVE_AUDIO_METER_PLAYBACK_DIAGNOSTIC {"file":"20260502_TRA_MOV_0240.MP4","meterClockDriftSeconds":null,"meterEndSourceFrame":null,"meterGeneration":1,"meterPublishedSnapshotCount":0,"meterRequestStartSourceFrame":null,"meterStartSourceFrame":null,"meterStatus":"paused(frame: 5057280)","mpvAudioOutputDriver":"coreaudio","mpvClockSeconds":105.36000000000001,"mpvDecodedAudioChannels":2,"mpvMonitoringFilterActive":false,"mpvOutputAudioChannels":2,"mpvReachedEOF":false,"playerClockSeconds":105.36000000000001,"playerIsPlaying":false,"selectedAudioStreamOrderIndex":0,"selectedSourceID":"A","stage":"eof-start"}
2026-09-30 17:17:24.873265+0200 Aagedal Media Player[80961:1192463] [MPVPlayer] EOF reached, pausing at last frame
LIVE_AUDIO_METER_PROFILE {"audioStreamOrderIndex":0,"audioTrackLabel":"#0 • PCM_S16BE • Stereo • 48 kHz","audioTrackSelectionExplicit":true,"availableAudioTrackCount":1,"backend":"mpv","channels":2,"codec":"twos","declaredChannelLayout":null,"durationSeconds":111.36,"eof":{"audioStreamOrderIndex":0,"clockDriftSampleCount":268,"codecNormalizationDisabled":true,"decoderVersion":"ffmpeg version 9.0.1 Copyright (c) 2000-2026 the FFmpeg developers","dynamicRangeCompressionDisabled":true,"endSourceFrame":5345280,"finalSnapshot":true,"maximumAbsoluteClockDriftSeconds":0.1200000000000194,"maximumDecodedAheadSeconds":0.019999999999996021,"metadataStreamIndex":0,"observed":true,"peakAppResidentBytes":391348224,"peakChildResidentBytes":23412736,"publishedSnapshotCount":120,"startSourceFrame":5057280,"syntheticInitialSilenceFrameCount":0,"timestampFrameCount":288000,"timestampSource":"ffmpeg-framecrc-v1","timestampTimeBase":"1\/48000","wallSeconds":6.0222825000000002},"file":"20260502_TRA_MOV_0240.MP4","inputIndex":4,"inputSHA256":"d8f32f9e827dba821a8101c7dd713580e37b03e9723c4ffbf136919829d6fbe1","metadataStreamIndex":0,"observation":{"audioStreamOrderIndex":0,"cancellationLatencySeconds":0.001013625,"cancellationObserved":true,"childResidentBytesAfterCancellation":0,"clockDriftSampleCount":227,"endSourceFrame":244800,"firstSnapshotLatencySeconds":0.071125292000000007,"initialAppResidentBytes":343539712,"maximumAbsoluteClockDriftSeconds":0.23000000000000001,"maximumDecodedAheadSeconds":0.25,"maximumSnapshotIntervalSeconds":0.177240333,"metadataStreamIndex":0,"monitorRoutingInvariant":true,"observationSeconds":5,"peakAppResidentBytes":363347968,"peakChildResidentBytes":23429120,"publishedSnapshotCount":101,"startSourceFrame":0,"wallSeconds":5.0125683329999999},"requestedAudioStreamOrderIndex":0,"sampleRate":48000,"schemaVersion":2}
[mvk-info] Destroyed VkDevice on GPU Apple M5 Pro with 13 Vulkan extensions enabled.
[mvk-info] Destroyed VkPhysicalDevice for GPU Apple M5 Pro with 4 MB of GPU memory still allocated.
[mvk-info] Destroying VkInstance for Vulkan version 1.4.357 with 6 Vulkan extensions enabled.
2026-09-30 17:17:25.005739+0200 Aagedal Media Player[80961:1194596] [API] warning, deleted thread with uncommitted CATransaction; set CA_DEBUG_TRANSACTIONS=1 in environment to log backtraces, or set CA_ASSERT_MAIN_THREAD_TRANSACTIONS=1 to abort when an implicit transaction isn't created on a main thread.
Test Case '-[Aagedal_Media_Player_Tests.LiveAudioMeterPerformanceTests testRepresentativeProductionPathWhenRequested]' passed (64.842 seconds).
Test Suite 'LiveAudioMeterPerformanceTests' passed at 2026-09-30 17:17:25.010.
	 Executed 1 test, with 0 failures (0 unexpected) in 64.842 (64.843) seconds
Test Suite 'Aagedal Media Player Tests.xctest' passed at 2026-09-30 17:17:25.011.
	 Executed 1 test, with 0 failures (0 unexpected) in 64.842 (64.843) seconds
Test Suite 'Selected tests' passed at 2026-09-30 17:17:25.011.
	 Executed 1 test, with 0 failures (0 unexpected) in 64.842 (64.844) seconds
2026-09-30 17:17:25.300 xcodebuild[80957:1192319] [MT] IDETestOperationsObserverDebug: 66.177 elapsed -- Testing started completed.
2026-09-30 17:17:25.300 xcodebuild[80957:1192319] [MT] IDETestOperationsObserverDebug: 0.000 sec, +0.000 sec -- start
2026-09-30 17:17:25.300 xcodebuild[80957:1192319] [MT] IDETestOperationsObserverDebug: 66.177 sec, +66.177 sec -- end

Test session results, code coverage, and logs:
	/tmp/aagedal-coreaudio-production-candidate-20260930/Run2.xcresult

** TEST EXECUTE SUCCEEDED **

Testing started
